ARM Linker, 4.1 [Build 894] [Standard]

==============================================================================

Section Cross References

    main.o(.text) refers to _printf_percent.o(.ARM.Collect$$_printf_percent$$00000000) for _printf_percent
    main.o(.text) refers to _printf_d.o(.ARM.Collect$$_printf_percent$$00000009) for _printf_d
    main.o(.text) refers to _printf_dec.o(.text) for _printf_int_dec
    main.o(.text) refers to system_stm32f10x.o(.text) for SystemInit
    main.o(.text) refers to lcd_ssd1289.o(.text) for Lcd_GPIO_Config
    main.o(.text) refers to lcd_touch.o(.text) for Touch_Init
    main.o(.text) refers to usart.o(.text) for USART_Configuration
    main.o(.text) refers to sdio.o(.text) for SD_NVIC_Configuration
    main.o(.text) refers to 18b20.o(.text) for DS18B20_Init
    main.o(.text) refers to diskio.o(.text) for disk_initialize
    main.o(.text) refers to ff.o(.text) for f_mount
    main.o(.text) refers to delay.o(.text) for DelayUs
    main.o(.text) refers to noretval__2sprintf.o(.text) for __2sprintf
    main.o(.text) refers to stm32f10x_exti.o(.text) for EXTI_GetITStatus
    main.o(.text) refers to main.o(.bss) for fs
    main.o(.text) refers to main.o(.data) for res
    stm32f10x_it.o(.text) refers to sdio.o(.text) for SD_ProcessIRQSrc
    18b20.o(.text) refers to stm32f10x_gpio.o(.text) for GPIO_Init
    18b20.o(.text) refers to delay.o(.text) for DelayUs
    18b20.o(.text) refers to stm32f10x_rcc.o(.text) for RCC_APB2PeriphClockCmd
    18b20.o(.text) refers to fflt_clz.o(x$fpl$fflt) for __aeabi_i2f
    18b20.o(.text) refers to f2d.o(x$fpl$f2d) for __aeabi_f2d
    18b20.o(.text) refers to dmul.o(x$fpl$dmul) for __aeabi_dmul
    18b20.o(.text) refers to dfix.o(x$fpl$dfix) for __aeabi_d2iz
    lcd_ssd1289.o(.text) refers to stm32f10x_rcc.o(.text) for RCC_APB2PeriphClockCmd
    lcd_ssd1289.o(.text) refers to stm32f10x_gpio.o(.text) for GPIO_Init
    lcd_ssd1289.o(.text) refers to stm32f10x_fsmc.o(.text) for FSMC_NORSRAMInit
    lcd_ssd1289.o(.text) refers to lcd_ssd1289.o(.data) for horizontal_or_vertical
    lcd_ssd1289.o(.text) refers to lcd_ssd1289.o(.constdata) for codeGB_16
    lcd_touch.o(.text) refers to stm32f10x_rcc.o(.text) for RCC_APB2PeriphClockCmd
    lcd_touch.o(.text) refers to stm32f10x_gpio.o(.text) for GPIO_Init
    lcd_touch.o(.text) refers to stm32f10x_exti.o(.text) for EXTI_Init
    lcd_touch.o(.text) refers to misc.o(.text) for NVIC_PriorityGroupConfig
    lcd_touch.o(.text) refers to stm32f10x_spi.o(.text) for SPI_Init
    lcd_touch.o(.text) refers to delay.o(.text) for DelayUs
    sdio.o(.text) refers to stm32f10x_sdio.o(.text) for SDIO_ClearFlag
    sdio.o(.text) refers to sdio.o(.data) for CardType
    sdio.o(.text) refers to sdio.o(.bss) for SDIO_CmdInitStructure
    sdio.o(.text) refers to stm32f10x_rcc.o(.text) for RCC_APB2PeriphClockCmd
    sdio.o(.text) refers to stm32f10x_gpio.o(.text) for GPIO_Init
    sdio.o(.text) refers to strlen.o(.text) for strlen
    sdio.o(.text) refers to usart.o(.text) for Usart1_PutStr
    sdio.o(.text) refers to stm32f10x_dma.o(.text) for DMA_ClearFlag
    sdio.o(.text) refers to misc.o(.text) for NVIC_PriorityGroupConfig
    usart.o(.text) refers to stm32f10x_rcc.o(.text) for RCC_APB2PeriphClockCmd
    usart.o(.text) refers to stm32f10x_gpio.o(.text) for GPIO_Init
    usart.o(.text) refers to stm32f10x_usart.o(.text) for USART_Init
    usart.o(.text) refers to misc.o(.text) for NVIC_SetVectorTable
    diskio.o(.text) refers to sdio.o(.text) for Test_SDCard
    ff.o(.text) refers to diskio.o(.text) for disk_write
    ff.o(.text) refers to ff.o(.constdata) for fatstr
    ff.o(.text) refers to ff.o(.data) for FatFs
    stm32f10x_gpio.o(.text) refers to stm32f10x_rcc.o(.text) for RCC_APB2PeriphResetCmd
    stm32f10x_rcc.o(.text) refers to stm32f10x_rcc.o(.data) for APBAHBPrescTable
    stm32f10x_spi.o(.text) refers to stm32f10x_rcc.o(.text) for RCC_APB2PeriphResetCmd
    stm32f10x_tim.o(.text) refers to stm32f10x_rcc.o(.text) for RCC_APB2PeriphResetCmd
    stm32f10x_usart.o(.text) refers to stm32f10x_rcc.o(.text) for RCC_APB2PeriphResetCmd
    startup_stm32f10x_hd.o(STACK) refers (Special) to heapauxi.o(.text) for __use_two_region_memory
    startup_stm32f10x_hd.o(HEAP) refers (Special) to heapauxi.o(.text) for __use_two_region_memory
    startup_stm32f10x_hd.o(RESET) refers (Special) to heapauxi.o(.text) for __use_two_region_memory
    startup_stm32f10x_hd.o(RESET) refers to startup_stm32f10x_hd.o(STACK) for __initial_sp
    startup_stm32f10x_hd.o(RESET) refers to startup_stm32f10x_hd.o(.text) for Reset_Handler
    startup_stm32f10x_hd.o(RESET) refers to stm32f10x_it.o(.text) for NMI_Handler
    startup_stm32f10x_hd.o(RESET) refers to main.o(.text) for EXTI15_10_IRQHandler
    startup_stm32f10x_hd.o(.text) refers (Special) to heapauxi.o(.text) for __use_two_region_memory
    startup_stm32f10x_hd.o(.text) refers to system_stm32f10x.o(.text) for SystemInit
[...]
    libshutdown.o(.ARM.Collect$$libshutdown$$00000000) refers (Special) to libshutdown2.o(.ARM.Collect$$libshutdown$$00000003) for __rt_lib_shutdown_stdio_1
    libshutdown.o(.ARM.Collect$$libshutdown$$00000000) refers (Special) to libshutdown2.o(.ARM.Collect$$libshutdown$$0000000B) for __rt_lib_shutdown_user_alloc_1
    sys_command.o(.text) refers (Special) to use_no_semi.o(.text) for __I$use$semihosting
    sys_command.o(.text) refers (Special) to indicate_semi.o(.text) for __semihosting_library_function
    defsig_rtmem_outer.o(.text) refers to defsig_rtmem_inner.o(.text) for __rt_SIGRTMEM_inner
    defsig_rtmem_outer.o(.text) refers to defsig_exit.o(.text) for __sig_exit
    defsig_rtmem_formal.o(.text) refers to rt_raise.o(.text) for __rt_raise
    rt_raise.o(.text) refers to __raise.o(.text) for __raise
    rt_raise.o(.text) refers to sys_exit.o(.text) for _sys_exit
    defsig_exit.o(.text) refers to sys_exit.o(.text) for _sys_exit
    defsig_rtmem_inner.o(.text) refers to defsig_general.o(.text) for __default_signal_display
    __raise.o(.text) refers to defsig.o(CL$$defsig) for __default_signal_handler
    defsig_general.o(.text) refers to sys_wrch.o(.text) for _ttywrch
    sys_wrch.o(.text) refers (Special) to use_no_semi.o(.text) for __I$use$semihosting
    sys_wrch.o(.text) refers (Special) to indicate_semi.o(.text) for __semihosting_library_function
    defsig.o(CL$$defsig) refers to defsig_rtmem_inner.o(.text) for __rt_SIGRTMEM_inner
    defsig_abrt_inner.o(.text) refers to defsig_general.o(.text) for __default_signal_display
    defsig_fpe_inner.o(.text) refers to defsig_general.o(.text) for __default_signal_display
    defsig_rtred_inner.o(.text) refers to defsig_general.o(.text) for __default_signal_display
    defsig_stak_inner.o(.text) refers to defsig_general.o(.text) for __default_signal_display
    defsig_pvfn_inner.o(.text) refers to defsig_general.o(.text) for __default_signal_display
    defsig_cppl_inner.o(.text) refers to defsig_general.o(.text) for __default_signal_display
    defsig_segv_inner.o(.text) refers to defsig_general.o(.text) for __default_signal_display
    defsig_other.o(.text) refers to defsig_general.o(.text) for __default_signal_display


==============================================================================

Removing Unused input sections from the image.

    Removing stm32f10x_it.o(.bss), (20 bytes).
    Removing stm32f10x_it.o(.data), (1 bytes).
    Removing stm32f10x_tim.o(.text), (3502 bytes).
    Removing core_cm3.o(.emb_text), (32 bytes).

4 unused section(s) (total 3555 bytes) removed from the image.

==============================================================================

Image Symbol Table

    Local Symbols

    Symbol Name                              Value     Ov Type        Size  Object(Section)

    ../../angel/boardlib.s                   0x00000000   Number         0  boardshut.o ABSOLUTE
    ../../angel/boardlib.s                   0x00000000   Number         0  boardinit1.o ABSOLUTE
    ../../angel/boardlib.s                   0x00000000   Number         0  boardinit3.o ABSOLUTE
    ../../angel/boardlib.s                   0x00000000   Number         0  boardinit2.o ABSOLUTE
    ../../angel/handlers.s                   0x00000000   Number         0  __scatter_zi.o ABSOLUTE
    ../../angel/handlers.s                   0x00000000   Number         0  __scatter_copy.o ABSOLUTE
    ../../angel/kernel.s                     0x00000000   Number         0  rtentry.o ABSOLUTE
    ../../angel/kernel.s                     0x00000000   Number         0  rtexit.o ABSOLUTE
    ../../angel/kernel.s                     0x00000000   Number         0  rtentry2.o ABSOLUTE
    ../../angel/kernel.s                     0x00000000   Number         0  rtentry4.o ABSOLUTE
    ../../angel/kernel.s                     0x00000000   Number         0  rtexit2.o ABSOLUTE
    ../../angel/rt.s                         0x00000000   Number         0  rt_raise.o ABSOLUTE
    ../../angel/rt.s                         0x00000000   Number         0  rt_fp_status_addr.o ABSOLUTE
    ../../angel/rt.s                         0x00000000   Number         0  rt_fp_status_addr_intlibspace.o ABSOLUTE
    ../../angel/scatter.s                    0x00000000   Number         0  __scatter.o ABSOLUTE
    ../../angel/startup.s                    0x00000000   Number         0  __main.o ABSOLUTE
    ../../angel/sys.s                        0x00000000   Number         0  libspace.o ABSOLUTE
    ../../angel/sys.s                        0x00000000   Number         0  sys_stackheap_outer.o ABSOLUTE
    ../../angel/sys.s                        0x00000000   Number         0  use_no_semi.o ABSOLUTE
    ../../angel/sys.s                        0x00000000   Number         0  indicate_semi.o ABSOLUTE
    ../../angel/sysapp.c                     0x00000000   Number         0  sys_command.o ABSOLUTE
    ../../angel/sysapp.c                     0x00000000   Number         0  sys_wrch.o ABSOLUTE
    ../../angel/sysapp.c                     0x00000000   Number         0  sys_exit.o ABSOLUTE
    ../../armsys.c                           0x00000000   Number         0  no_argv.o ABSOLUTE
    ../../armsys.c                           0x00000000   Number         0  argv_veneer.o ABSOLUTE
    ../../armsys.c                           0x00000000   Number         0  argv_veneer.o ABSOLUTE
    ../../armsys.c                           0x00000000   Number         0  _get_argv_nomalloc.o ABSOLUTE
    ../../dfix.s                             0x00000000   Number         0  dfix.o ABSOLUTE
    ../../dmul.s                             0x00000000   Number         0  dmul.o ABSOLUTE
    ../../dnaninf.s                          0x00000000   Number         0  dnaninf.o ABSOLUTE
    ../../dretinf.s                          0x00000000   Number         0  dretinf.o ABSOLUTE
    ../../f2d.s                              0x00000000   Number         0  f2d.o ABSOLUTE
    ../../fflt.s                             0x00000000   Number         0  fflt_clz.o ABSOLUTE
    ../../fnaninf.s                          0x00000000   Number         0  fnaninf.o ABSOLUTE
    ../../fpinit.s                           0x00000000   Number         0  fpinit.o ABSOLUTE
    ../../heapalloc.c                        0x00000000   Number         0  hrguard.o ABSOLUTE
    ../../heapaux.c                          0x00000000   Number         0  heapauxi.o ABSOLUTE
    ../../libinit.s                          0x00000000   Number         0  libinit2.o ABSOLUTE
    ../../libinit.s                          0x00000000   Number         0  libshutdown.o ABSOLUTE
    ../../libinit.s                          0x00000000   Number         0  libshutdown2.o ABSOLUTE
    ../../libinit.s                          0x00000000   Number         0  libinit.o ABSOLUTE
    ../../printf.c                           0x00000000   Number         0  _printf_char_common.o ABSOLUTE
    ../../printf.c                           0x00000000   Number         0  _printf_intcommon.o ABSOLUTE
    ../../printf.c                           0x00000000   Number         0  __2sprintf.o ABSOLUTE
    ../../printf.c                           0x00000000   Number         0  noretval__2sprintf.o ABSOLUTE
    ../../printf.c                           0x00000000   Number         0  __printf.o ABSOLUTE
    ../../printf.c                           0x00000000   Number         0  _printf_dec.o ABSOLUTE
    ../../printf.c                           0x00000000   Number         0  __printf_flags.o ABSOLUTE
    ../../printf.c                           0x00000000   Number         0  __printf_ss.o ABSOLUTE
    ../../printf.c                           0x00000000   Number         0  __printf_flags_ss.o ABSOLUTE
    ../../printf.c                           0x00000000   Number         0  __printf_wp.o ABSOLUTE
    ../../printf.c                           0x00000000   Number         0  __printf_flags_wp.o ABSOLUTE
    ../../printf.c                           0x00000000   Number         0  __printf_ss_wp.o ABSOLUTE
    ../../printf.c                           0x00000000   Number         0  __printf_flags_ss_wp.o ABSOLUTE
    ../../printf.c                           0x00000000   Number         0  __printf_nopercent.o ABSOLUTE
    ../../printf.c                           0x00000000   Number         0  _sputc.o ABSOLUTE
    ../../printf_percent.s                   0x00000000   Number         0  _printf_percent_end.o ABSOLUTE
    ../../printf_percent.s                   0x00000000   Number         0  _printf_percent.o ABSOLUTE
    ../../printf_percent.s                   0x00000000   Number         0  _printf_d.o ABSOLUTE
    ../../signal.c                           0x00000000   Number         0  defsig_rtred_inner.o ABSOLUTE
    ../../signal.c                           0x00000000   Number         0  defsig_rtmem_outer.o ABSOLUTE
    ../../signal.c                           0x00000000   Number         0  defsig_general.o ABSOLUTE
    ../../signal.c                           0x00000000   Number         0  defsig_abrt_inner.o ABSOLUTE
    ../../signal.c                           0x00000000   Number         0  defsig_fpe_inner.o ABSOLUTE
    ../../signal.c                           0x00000000   Number         0  defsig_cppl_inner.o ABSOLUTE
    ../../signal.c                           0x00000000   Number         0  defsig_exit.o ABSOLUTE
    ../../signal.c                           0x00000000   Number         0  defsig_stak_inner.o ABSOLUTE
    ../../signal.c                           0x00000000   Number         0  defsig_rtmem_inner.o ABSOLUTE
    ../../signal.c                           0x00000000   Number         0  defsig_pvfn_inner.o ABSOLUTE
    ../../signal.c                           0x00000000   Number         0  __raise.o ABSOLUTE
    ../../signal.c                           0x00000000   Number         0  defsig_segv_inner.o ABSOLUTE
    ../../signal.c                           0x00000000   Number         0  defsig_other.o ABSOLUTE
    ../../signal.c                           0x00000000   Number         0  defsig_rtmem_formal.o ABSOLUTE
    ../../signal.s                           0x00000000   Number         0  defsig.o ABSOLUTE
    ../../stdlib.c                           0x00000000   Number         0  exit.o ABSOLUTE
    ../../string.c                           0x00000000   Number         0  strlen.o ABSOLUTE
    ../../usenofp.s                          0x00000000   Number         0  usenofp.o ABSOLUTE
    ..\BSC\src\18b20.c                       0x00000000   Number         0  18b20.o ABSOLUTE
    ..\BSC\src\LCD_SSD1289.c                 0x00000000   Number         0  lcd_ssd1289.o ABSOLUTE
    ..\BSC\src\LCD_TOUCH.c                   0x00000000   Number         0  lcd_touch.o ABSOLUTE
    ..\BSC\src\delay.c                       0x00000000   Number         0  delay.o ABSOLUTE
    ..\BSC\src\sdio.c                        0x00000000   Number         0  sdio.o ABSOLUTE
    ..\BSC\src\usart.c                       0x00000000   Number         0  usart.o ABSOLUTE
    ..\CMSIS\core_cm3.c                      0x00000000   Number         0  core_cm3.o ABSOLUTE
    ..\CMSIS\startup_stm32f10x_hd.s          0x00000000   Number         0  startup_stm32f10x_hd.o ABSOLUTE
    ..\CMSIS\system_stm32f10x.c              0x00000000   Number         0  system_stm32f10x.o ABSOLUTE
    ..\FWLib\src\misc.c                      0x00000000   Number         0  misc.o ABSOLUTE
    ..\FWLib\src\stm32f10x_dma.c             0x00000000   Number         0  stm32f10x_dma.o ABSOLUTE
    ..\FWLib\src\stm32f10x_exti.c            0x00000000   Number         0  stm32f10x_exti.o ABSOLUTE
    ..\FWLib\src\stm32f10x_fsmc.c            0x00000000   Number         0  stm32f10x_fsmc.o ABSOLUTE
    ..\FWLib\src\stm32f10x_gpio.c            0x00000000   Number         0  stm32f10x_gpio.o ABSOLUTE
    ..\FWLib\src\stm32f10x_rcc.c             0x00000000   Number         0  stm32f10x_rcc.o ABSOLUTE
    ..\FWLib\src\stm32f10x_sdio.c            0x00000000   Number         0  stm32f10x_sdio.o ABSOLUTE
    ..\FWLib\src\stm32f10x_spi.c             0x00000000   Number         0  stm32f10x_spi.o ABSOLUTE
    ..\FWLib\src\stm32f10x_tim.c             0x00000000   Number         0  stm32f10x_tim.o ABSOLUTE
    ..\FWLib\src\stm32f10x_usart.c           0x00000000   Number         0  stm32f10x_usart.o ABSOLUTE
    ..\Fatfs\diskio.c                        0x00000000   Number         0  diskio.o ABSOLUTE
    ..\Fatfs\ff.c                            0x00000000   Number         0  ff.o ABSOLUTE
    ..\User\main.c                           0x00000000   Number         0  main.o ABSOLUTE
    ..\User\stm32f10x_it.c                   0x00000000   Number         0  stm32f10x_it.o ABSOLUTE
    ..\\CMSIS\\core_cm3.c                    0x00000000   Number         0  core_cm3.o ABSOLUTE
    dc.s                                     0x00000000   Number         0  dc.o ABSOLUTE
    RESET                                    0x08006000   Section      304  startup_stm32f10x_hd.o(RESET)
    !!!main                                  0x08006130   Section        8  __main.o(!!!main)
    !!!scatter                               0x08006138   Section       52  __scatter.o(!!!scatter)
    !!handler_copy                           0x0800616c   Section       26  __scatter_copy.o(!!handler_copy)
    !!handler_zi                             0x08006188   Section       28  __scatter_zi.o(!!handler_zi)
    .ARM.Collect$$_printf_percent$$00000000  0x080061a4   Section        0  _printf_percent.o(.ARM.Collect$$_printf_percent$$00000000)
    .ARM.Collect$$_printf_percent$$00000009  0x080061a4   Section        6  _printf_d.o(.ARM.Collect$$_printf_percent$$00000009)
    .ARM.Collect$$_printf_percent$$00000017  0x080061aa   Section        4  _printf_percent_end.o(.ARM.Collect$$_printf_percent$$00000017)
    .ARM.Collect$$libinit$$00000000          0x080061ae   Section        6  libinit.o(.ARM.Collect$$libinit$$00000000)
    .ARM.Collect$$libinit$$00000006          0x080061b4   Section        0  libinit2.o(.ARM.Collect$$libinit$$00000006)
    .ARM.Collect$$libinit$$00000008          0x080061b4   Section        0  libinit2.o(.ARM.Collect$$libinit$$00000008)
    .ARM.Collect$$libinit$$0000000A          0x080061b4   Section        0  libinit2.o(.ARM.Collect$$libinit$$0000000A)
    .ARM.Collect$$libinit$$0000000D          0x080061b4   Section        0  libinit2.o(.ARM.Collect$$libinit$$0000000D)
    .ARM.Collect$$libinit$$0000000F          0x080061b4   Section        0  libinit2.o(.ARM.Collect$$libinit$$0000000F)
    .ARM.Collect$$libinit$$00000011          0x080061b4   Section        0  libinit2.o(.ARM.Collect$$libinit$$00000011)
    .ARM.Collect$$libinit$$00000013          0x080061b4   Section        0  libinit2.o(.ARM.Collect$$libinit$$00000013)
    .ARM.Collect$$libinit$$00000015          0x080061b4   Section        0  libinit2.o(.ARM.Collect$$libinit$$00000015)
    .ARM.Collect$$libinit$$00000017          0x080061b4   Section        0  libinit2.o(.ARM.Collect$$libinit$$00000017)
    .ARM.Collect$$libinit$$00000019          0x080061b4   Section        0  libinit2.o(.ARM.Collect$$libinit$$00000019)
    .ARM.Collect$$libinit$$0000001B          0x080061b4   Section        0  libinit2.o(.ARM.Collect$$libinit$$0000001B)
    .ARM.Collect$$libinit$$0000001D          0x080061b4   Section        0  libinit2.o(.ARM.Collect$$libinit$$0000001D)
    .ARM.Collect$$libinit$$0000001F          0x080061b4   Section        0  libinit2.o(.ARM.Collect$$libinit$$0000001F)
    .ARM.Collect$$libinit$$00000021          0x080061b4   Section        0  libinit2.o(.ARM.Collect$$libinit$$00000021)
    .ARM.Collect$$libinit$$00000028          0x080061b4   Section        0  libinit2.o(.ARM.Collect$$libinit$$00000028)
    .ARM.Collect$$libinit$$0000002A          0x080061b4   Section        0  libinit2.o(.ARM.Collect$$libinit$$0000002A)
    .ARM.Collect$$libinit$$0000002C          0x080061b4   Section        0  libinit2.o(.ARM.Collect$$libinit$$0000002C)
    .ARM.Collect$$libinit$$0000002E          0x080061b4   Section        0  libinit2.o(.ARM.Collect$$libinit$$0000002E)
    .ARM.Collect$$libinit$$0000002F          0x080061b4   Section        2  libinit2.o(.ARM.Collect$$libinit$$0000002F)
    .ARM.Collect$$libshutdown$$00000000      0x080061b6   Section        2  libshutdown.o(.ARM.Collect$$libshutdown$$00000000)
    .ARM.Collect$$libshutdown$$00000003      0x080061b8   Section        0  libshutdown2.o(.ARM.Collect$$libshutdown$$00000003)
    .ARM.Collect$$libshutdown$$00000006      0x080061b8   Section        0  libshutdown2.o(.ARM.Collect$$libshutdown$$00000006)
    .ARM.Collect$$libshutdown$$00000009      0x080061b8   Section        0  libshutdown2.o(.ARM.Collect$$libshutdown$$00000009)
    .ARM.Collect$$libshutdown$$0000000B      0x080061b8   Section        0  libshutdown2.o(.ARM.Collect$$libshutdown$$0000000B)
    .ARM.Collect$$libshutdown$$0000000E      0x080061b8   Section        0  libshutdown2.o(.ARM.Collect$$libshutdown$$0000000E)
    .ARM.Collect$$libshutdown$$0000000F      0x080061b8   Section        2  libshutdown2.o(.ARM.Collect$$libshutdown$$0000000F)
    .ARM.Collect$$rtentry$$00000000          0x080061ba   Section        0  rtentry.o(.ARM.Collect$$rtentry$$00000000)
    .ARM.Collect$$rtentry$$00000002          0x080061ba   Section        0  rtentry2.o(.ARM.Collect$$rtentry$$00000002)
    .ARM.Collect$$rtentry$$00000004          0x080061ba   Section        6  rtentry4.o(.ARM.Collect$$rtentry$$00000004)
    .ARM.Collect$$rtentry$$00000009          0x080061c0   Section        0  rtentry2.o(.ARM.Collect$$rtentry$$00000009)
    .ARM.Collect$$rtentry$$0000000A          0x080061c0   Section        4  rtentry2.o(.ARM.Collect$$rtentry$$0000000A)
    .ARM.Collect$$rtentry$$0000000C          0x080061c4   Section        0  rtentry2.o(.ARM.Collect$$rtentry$$0000000C)
    .ARM.Collect$$rtentry$$0000000D          0x080061c4   Section        8  rtentry2.o(.ARM.Collect$$rtentry$$0000000D)
    .ARM.Collect$$rtexit$$00000000           0x080061cc   Section        2  rtexit.o(.ARM.Collect$$rtexit$$00000000)
    .ARM.Collect$$rtexit$$00000002           0x080061ce   Section        0  rtexit2.o(.ARM.Collect$$rtexit$$00000002)
    .ARM.Collect$$rtexit$$00000003           0x080061ce   Section        4  rtexit2.o(.ARM.Collect$$rtexit$$00000003)
    .ARM.Collect$$rtexit$$00000004           0x080061d2   Section        6  rtexit2.o(.ARM.Collect$$rtexit$$00000004)
    .text                                    0x080061d8   Section        0  main.o(.text)
    .text                                    0x080063e8   Section        0  stm32f10x_it.o(.text)
    .text                                    0x0800640c   Section        0  18b20.o(.text)
    .text                                    0x080065fc   Section        0  delay.o(.text)
    .text                                    0x08006634   Section        0  lcd_ssd1289.o(.text)
    .text                                    0x08006ed4   Section        0  lcd_touch.o(.text)
    .text                                    0x0800710c   Section        0  sdio.o(.text)
    CmdResp2Error                            0x0800710d   Thumb Code    68  sdio.o(.text)
    CmdResp6Error                            0x08007151   Thumb Code   150  sdio.o(.text)
    CmdResp3Error                            0x08007313   Thumb Code    50  sdio.o(.text)
    CmdResp1Error                            0x08007345   Thumb Code   296  sdio.o(.text)
    CmdResp7Error                            0x0800746d   Thumb Code    72  sdio.o(.text)
    CmdError                                 0x080074b5   Thumb Code    44  sdio.o(.text)
    GPIO_Configuration                       0x08007683   Thumb Code    54  sdio.o(.text)
    FindSCR                                  0x08007a3f   Thumb Code   388  sdio.o(.text)
    SDEnWideBus                              0x08007bc3   Thumb Code   280  sdio.o(.text)
    DMA_RxConfiguration                      0x08007e01   Thumb Code    86  sdio.o(.text)
    convert_from_bytes_to_power_of_two       0x08007e57   Thumb Code    18  sdio.o(.text)
    IsCardProgramming                        0x080083ab   Thumb Code   342  sdio.o(.text)
    DMA_TxConfiguration                      0x08008501   Thumb Code    88  sdio.o(.text)
    .text                                    0x0800947c   Section        0  usart.o(.text)
    .text                                    0x0800957c   Section        0  diskio.o(.text)
    .text                                    0x08009638   Section        0  ff.o(.text)
    mem_cpy                                  0x08009639   Thumb Code    26  ff.o(.text)
    mem_set                                  0x08009653   Thumb Code    20  ff.o(.text)
    mem_cmp                                  0x08009667   Thumb Code    38  ff.o(.text)
    chk_chr                                  0x0800968d   Thumb Code    20  ff.o(.text)
    move_window                              0x080096a1   Thumb Code   114  ff.o(.text)
    sync                                     0x08009713   Thumb Code   200  ff.o(.text)
    get_fat                                  0x080097db   Thumb Code   286  ff.o(.text)
    put_fat                                  0x080098f9   Thumb Code   338  ff.o(.text)
    remove_chain                             0x08009a4b   Thumb Code   104  ff.o(.text)
    create_chain                             0x08009ab3   Thumb Code   182  ff.o(.text)
    clust2sect                               0x08009b69   Thumb Code    26  ff.o(.text)
    dir_seek                                 0x08009b83   Thumb Code   156  ff.o(.text)
    dir_next                                 0x08009c1f   Thumb Code   274  ff.o(.text)
    dir_find                                 0x08009d31   Thumb Code    92  ff.o(.text)
    dir_read                                 0x08009d8d   Thumb Code    86  ff.o(.text)
    dir_register                             0x08009de3   Thumb Code   120  ff.o(.text)
    dir_remove                               0x08009e5b   Thumb Code    44  ff.o(.text)
    create_name                              0x08009e87   Thumb Code   318  ff.o(.text)
    get_fileinfo                             0x08009fc5   Thumb Code   188  ff.o(.text)
    follow_path                              0x0800a081   Thumb Code   150  ff.o(.text)
    check_fs                                 0x0800a117   Thumb Code   100  ff.o(.text)
    auto_mount                               0x0800a17b   Thumb Code   752  ff.o(.text)
    validate                                 0x0800a46b   Thumb Code    42  ff.o(.text)
    .text                                    0x0800b364   Section        0  misc.o(.text)
    .text                                    0x0800b440   Section        0  stm32f10x_dma.o(.text)
    .text                                    0x0800b690   Section        0  stm32f10x_exti.o(.text)
    .text                                    0x0800b7ac   Section        0  stm32f10x_fsmc.o(.text)
    .text                                    0x0800bdc4   Section        0  stm32f10x_gpio.o(.text)
    .text                                    0x0800c11c   Section        0  stm32f10x_rcc.o(.text)
    .text                                    0x0800c4bc   Section        0  stm32f10x_sdio.o(.text)
    .text                                    0x0800c68c   Section        0  stm32f10x_spi.o(.text)
    .text                                    0x0800c99c   Section        0  stm32f10x_usart.o(.text)
    .text                                    0x0800cda8   Section       64  startup_stm32f10x_hd.o(.text)
    .text                                    0x0800cde8   Section        0  system_stm32f10x.o(.text)
    SetSysClockTo72                          0x0800cde9   Thumb Code   192  system_stm32f10x.o(.text)
    SetSysClock                              0x0800cea9   Thumb Code     8  system_stm32f10x.o(.text)
    .text                                    0x0800cfb4   Section        0  noretval__2sprintf.o(.text)
    .text                                    0x0800cfdc   Section        0  __printf.o(.text)
    .text                                    0x0800d048   Section        0  _printf_dec.o(.text)
    .text                                    0x0800d0c0   Section        0  strlen.o(.text)
    .text                                    0x0800d0fe   Section        0  heapauxi.o(.text)
    .text                                    0x0800d104   Section        0  _printf_intcommon.o(.text)
    .text                                    0x0800d1bc   Section        0  _printf_char_common.o(.text)
    _printf_input_char                       0x0800d1bd   Thumb Code    10  _printf_char_common.o(.text)
    .text                                    0x0800d1ec   Section        0  _sputc.o(.text)
    .text                                    0x0800d1f6   Section       74  sys_stackheap_outer.o(.text)
    .text                                    0x0800d240   Section        0  exit.o(.text)
    .text                                    0x0800d24c   Section        8  libspace.o(.text)
    .text                                    0x0800d254   Section        8  rt_fp_status_addr_intlibspace.o(.text)
    .text                                    0x0800d25c   Section        0  sys_exit.o(.text)
    .text                                    0x0800d268   Section        2  use_no_semi.o(.text)
    .text                                    0x0800d26a   Section        0  indicate_semi.o(.text)
    x$fpl$dfix                               0x0800d26c   Section       94  dfix.o(x$fpl$dfix)
    x$fpl$dmul                               0x0800d2cc   Section      340  dmul.o(x$fpl$dmul)
    x$fpl$dnaninf                            0x0800d420   Section      156  dnaninf.o(x$fpl$dnaninf)
    x$fpl$dretinf                            0x0800d4bc   Section       12  dretinf.o(x$fpl$dretinf)
    x$fpl$f2d                                0x0800d4c8   Section       86  f2d.o(x$fpl$f2d)
    x$fpl$fflt                               0x0800d520   Section       48  fflt_clz.o(x$fpl$fflt)
    x$fpl$fnaninf                            0x0800d550   Section      140  fnaninf.o(x$fpl$fnaninf)
    x$fpl$fpinit                             0x0800d5dc   Section       14  fpinit.o(x$fpl$fpinit)
    .constdata                               0x0800d5ea   Section     3034  lcd_ssd1289.o(.constdata)
    x$fpl$usenofp                            0x0800d5ea   Section        0  usenofp.o(x$fpl$usenofp)
    .constdata                               0x0800e1c4   Section        4  ff.o(.constdata)
    fatstr                                   0x0800e1c4   Data           4  ff.o(.constdata)
    .data                                    0x20001000   Section       40  main.o(.data)
    .data                                    0x20001028   Section        2  lcd_ssd1289.o(.data)
    .data                                    0x2000102c   Section       40  sdio.o(.data)
    CardType                                 0x2000102c   Data           4  sdio.o(.data)
    RCA                                      0x20001030   Data           4  sdio.o(.data)
    DeviceMode                               0x20001034   Data           4  sdio.o(.data)
    TotalNumberOfBytes                       0x20001038   Data           4  sdio.o(.data)
    StopCondition                            0x2000103c   Data           4  sdio.o(.data)
    .data                                    0x20001054   Section        6  ff.o(.data)
    FatFs                                    0x20001054   Data           4  ff.o(.data)
    Fsid                                     0x20001058   Data           2  ff.o(.data)
    .data                                    0x2000105a   Section       20  stm32f10x_rcc.o(.data)
    APBAHBPrescTable                         0x2000105a   Data          16  stm32f10x_rcc.o(.data)
    ADCPrescTable                            0x2000106a   Data           4  stm32f10x_rcc.o(.data)
    .data                                    0x20001070   Section       20  system_stm32f10x.o(.data)
    .bss                                     0x20001084   Section     2224  main.o(.bss)
    .bss                                     0x20001934   Section      100  sdio.o(.bss)
    CSD_Tab                                  0x20001934   Data          16  sdio.o(.bss)
    CID_Tab                                  0x20001944   Data          16  sdio.o(.bss)
    .bss                                     0x20001998   Section       96  libspace.o(.bss)
    HEAP                                     0x200019f8   Section      512  startup_stm32f10x_hd.o(HEAP)
    Heap_Mem                                 0x200019f8   Data         512  startup_stm32f10x_hd.o(HEAP)
    STACK                                    0x20001bf8   Section     1024  startup_stm32f10x_hd.o(STACK)
    Stack_Mem                                0x20001bf8   Data        1024  startup_stm32f10x_hd.o(STACK)
    __initial_sp                             0x20001ff8   Data           0  startup_stm32f10x_hd.o(STACK)

    Global Symbols

    Symbol Name                              Value     Ov Type        Size  Object(Section)

    BuildAttributes$$THM_ISAv4$P$D$K$B$S$PE$A:L22UL41UL21$X:L11$S22US41US21$IEEE1$IW$USESV6$~STKCKD$USESV7$~SHL$OSPACE$ROPI$EBA8$UX$STANDARDLIB$REQ8$PRES8$EABIv2 0x00000000   Number         0  anon$$obj.o ABSOLUTE
    __ARM_use_no_argv                        0x00000000   Number         0  main.o ABSOLUTE
    __ARM_exceptions_init                     - Undefined Weak Reference
    __alloca_initialize                       - Undefined Weak Reference
    __cpp_initialize__aeabi_                  - Undefined Weak Reference
    __cxa_finalize                            - Undefined Weak Reference
    __rt_locale                               - Undefined Weak Reference
    __sigvec_lookup                           - Undefined Weak Reference
    _atexit_init                              - Undefined Weak Reference
    _call_atexit_fns                          - Undefined Weak Reference
    _clock_init                               - Undefined Weak Reference
    _fp_trap_init                             - Undefined Weak Reference
    _fp_trap_shutdown                         - Undefined Weak Reference
    _get_lc_collate                           - Undefined Weak Reference
    _get_lc_ctype                             - Undefined Weak Reference
    _get_lc_monetary                          - Undefined Weak Reference
    _get_lc_numeric                           - Undefined Weak Reference
    _get_lc_time                              - Undefined Weak Reference
    _getenv_init                              - Undefined Weak Reference
    _handle_redirection                       - Undefined Weak Reference
    _init_alloc                               - Undefined Weak Reference
    _init_user_alloc                          - Undefined Weak Reference
    _initio                                   - Undefined Weak Reference
    _printf_post_padding                      - Undefined Weak Reference
    _printf_pre_padding                       - Undefined Weak Reference
    _printf_truncate_signed                   - Undefined Weak Reference
    _printf_truncate_unsigned                 - Undefined Weak Reference
    _rand_init                                - Undefined Weak Reference
    _signal_finish                            - Undefined Weak Reference
    _signal_init                              - Undefined Weak Reference
    _terminate_alloc                          - Undefined Weak Reference
    _terminate_user_alloc                     - Undefined Weak Reference
    _terminateio                              - Undefined Weak Reference
    __Vectors_Size                           0x00000130   Number         0  startup_stm32f10x_hd.o ABSOLUTE
    __Vectors                                0x08006000   Data           4  startup_stm32f10x_hd.o(RESET)
    __Vectors_End                            0x08006130   Data           0  startup_stm32f10x_hd.o(RESET)
    __main                                   0x08006131   Thumb Code     8  __main.o(!!!main)
    __scatterload                            0x08006139   Thumb Code     0  __scatter.o(!!!scatter)
    __scatterload_rt2                        0x08006139   Thumb Code    44  __scatter.o(!!!scatter)
    __scatterload_rt2_thumb_only             0x08006139   Thumb Code     0  __scatter.o(!!!scatter)
    __scatterload_null                       0x08006147   Thumb Code     0  __scatter.o(!!!scatter)
    __scatterload_copy                       0x0800616d   Thumb Code    26  __scatter_copy.o(!!handler_copy)
    __scatterload_zeroinit                   0x08006189   Thumb Code    28  __scatter_zi.o(!!handler_zi)
    _printf_d                                0x080061a5   Thumb Code     0  _printf_d.o(.ARM.Collect$$_printf_percent$$00000009)
    _printf_percent                          0x080061a5   Thumb Code     0  _printf_percent.o(.ARM.Collect$$_printf_percent$$00000000)
    _printf_percent_end                      0x080061ab   Thumb Code     0  _printf_percent_end.o(.ARM.Collect$$_printf_percent$$00000017)
    __rt_lib_init                            0x080061af   Thumb Code     0  libinit.o(.ARM.Collect$$libinit$$00000000)
    __rt_lib_init_alloca_1                   0x080061b5   Thumb Code     0  libinit2.o(.ARM.Collect$$libinit$$0000002A)
    __rt_lib_init_argv_1                     0x080061b5   Thumb Code     0  libinit2.o(.ARM.Collect$$libinit$$00000028)
    __rt_lib_init_atexit_1                   0x080061b5   Thumb Code     0  libinit2.o(.ARM.Collect$$libinit$$00000017)
    __rt_lib_init_clock_1                    0x080061b5   Thumb Code     0  libinit2.o(.ARM.Collect$$libinit$$0000001D)
    __rt_lib_init_cpp_1                      0x080061b5   Thumb Code     0  libinit2.o(.ARM.Collect$$libinit$$0000002E)
    __rt_lib_init_exceptions_1               0x080061b5   Thumb Code     0  libinit2.o(.ARM.Collect$$libinit$$0000002C)
    __rt_lib_init_fp_trap_1                  0x080061b5   Thumb Code     0  libinit2.o(.ARM.Collect$$libinit$$0000001B)
    __rt_lib_init_getenv_1                   0x080061b5   Thumb Code     0  libinit2.o(.ARM.Collect$$libinit$$0000001F)
    __rt_lib_init_heap_1                     0x080061b5   Thumb Code     0  libinit2.o(.ARM.Collect$$libinit$$00000006)
    __rt_lib_init_lc_collate_1               0x080061b5   Thumb Code     0  libinit2.o(.ARM.Collect$$libinit$$0000000D)
    __rt_lib_init_lc_ctype_1                 0x080061b5   Thumb Code     0  libinit2.o(.ARM.Collect$$libinit$$0000000F)
    __rt_lib_init_lc_monetary_1              0x080061b5   Thumb Code     0  libinit2.o(.ARM.Collect$$libinit$$00000011)
    __rt_lib_init_lc_numeric_1               0x080061b5   Thumb Code     0  libinit2.o(.ARM.Collect$$libinit$$00000013)
    __rt_lib_init_lc_time_1                  0x080061b5   Thumb Code     0  libinit2.o(.ARM.Collect$$libinit$$00000015)
    __rt_lib_init_rand_1                     0x080061b5   Thumb Code     0  libinit2.o(.ARM.Collect$$libinit$$0000000A)
    __rt_lib_init_return                     0x080061b5   Thumb Code     0  libinit2.o(.ARM.Collect$$libinit$$0000002F)
    __rt_lib_init_signal_1                   0x080061b5   Thumb Code     0  libinit2.o(.ARM.Collect$$libinit$$00000019)
    __rt_lib_init_stdio_1                    0x080061b5   Thumb Code     0  libinit2.o(.ARM.Collect$$libinit$$00000021)
    __rt_lib_init_user_alloc_1               0x080061b5   Thumb Code     0  libinit2.o(.ARM.Collect$$libinit$$00000008)
    __rt_lib_shutdown                        0x080061b7   Thumb Code     0  libshutdown.o(.ARM.Collect$$libshutdown$$00000000)
    __rt_lib_shutdown_fp_trap_1              0x080061b9   Thumb Code     0  libshutdown2.o(.ARM.Collect$$libshutdown$$00000006)
    __rt_lib_shutdown_heap_1                 0x080061b9   Thumb Code     0  libshutdown2.o(.ARM.Collect$$libshutdown$$0000000E)
    __rt_lib_shutdown_return                 0x080061b9   Thumb Code     0  libshutdown2.o(.ARM.Collect$$libshutdown$$0000000F)
    __rt_lib_shutdown_signal_1               0x080061b9   Thumb Code     0  libshutdown2.o(.ARM.Collect$$libshutdown$$00000009)
    __rt_lib_shutdown_stdio_1                0x080061b9   Thumb Code     0  libshutdown2.o(.ARM.Collect$$libshutdown$$00000003)
    __rt_lib_shutdown_user_alloc_1           0x080061b9   Thumb Code     0  libshutdown2.o(.ARM.Collect$$libshutdown$$0000000B)
    __rt_entry                               0x080061bb   Thumb Code     0  rtentry.o(.ARM.Collect$$rtentry$$00000000)
    __rt_entry_presh_1                       0x080061bb   Thumb Code     0  rtentry2.o(.ARM.Collect$$rtentry$$00000002)
    __rt_entry_sh                            0x080061bb   Thumb Code     0  rtentry4.o(.ARM.Collect$$rtentry$$00000004)
    __rt_entry_li                            0x080061c1   Thumb Code     0  rtentry2.o(.ARM.Collect$$rtentry$$0000000A)
    __rt_entry_postsh_1                      0x080061c1   Thumb Code     0  rtentry2.o(.ARM.Collect$$rtentry$$00000009)
    __rt_entry_main                          0x080061c5   Thumb Code     0  rtentry2.o(.ARM.Collect$$rtentry$$0000000D)
    __rt_entry_postli_1                      0x080061c5   Thumb Code     0  rtentry2.o(.ARM.Collect$$rtentry$$0000000C)
    __rt_exit                                0x080061cd   Thumb Code     0  rtexit.o(.ARM.Collect$$rtexit$$00000000)
    __rt_exit_ls                             0x080061cf   Thumb Code     0  rtexit2.o(.ARM.Collect$$rtexit$$00000003)
    __rt_exit_prels_1                        0x080061cf   Thumb Code     0  rtexit2.o(.ARM.Collect$$rtexit$$00000002)
    __rt_exit_exit                           0x080061d3   Thumb Code     0  rtexit2.o(.ARM.Collect$$rtexit$$00000004)
    main                                     0x080061d9   Thumb Code   358  main.o(.text)
    EXTI15_10_IRQHandler                     0x0800633f   Thumb Code    28  main.o(.text)
    NMI_Handler                              0x080063e9   Thumb Code     2  stm32f10x_it.o(.text)
    HardFault_Handler                        0x080063eb   Thumb Code     4  stm32f10x_it.o(.text)
    MemManage_Handler                        0x080063ef   Thumb Code     4  stm32f10x_it.o(.text)
    BusFault_Handler                         0x080063f3   Thumb Code     4  stm32f10x_it.o(.text)
    UsageFault_Handler                       0x080063f7   Thumb Code     4  stm32f10x_it.o(.text)
    SVC_Handler                              0x080063fb   Thumb Code     2  stm32f10x_it.o(.text)
    DebugMon_Handler                         0x080063fd   Thumb Code     2  stm32f10x_it.o(.text)
    PendSV_Handler                           0x080063ff   Thumb Code     2  stm32f10x_it.o(.text)
    SysTick_Handler                          0x08006401   Thumb Code     2  stm32f10x_it.o(.text)
    USART1_IRQHandler                        0x08006403   Thumb Code     2  stm32f10x_it.o(.text)
    SDIO_IRQHandler                          0x08006405   Thumb Code     8  stm32f10x_it.o(.text)
    DS18B20_GPIOIn                           0x0800640d   Thumb Code    30  18b20.o(.text)
    DS18B20_GPIOOut                          0x0800642b   Thumb Code    30  18b20.o(.text)
    DS18B20_Reset                            0x08006449   Thumb Code    40  18b20.o(.text)
    DS18B20_WriteData                        0x08006471   Thumb Code    76  18b20.o(.text)
    DS18B20_Init                             0x080064bd   Thumb Code    26  18b20.o(.text)
    DS18B20_ReadData                         0x080064d7   Thumb Code    90  18b20.o(.text)
    DS18B20_Start                            0x08006531   Thumb Code    20  18b20.o(.text)
    DS18B20_GetTemp                          0x08006545   Thumb Code   176  18b20.o(.text)
    DelayUs                                  0x080065fd   Thumb Code    30  delay.o(.text)
    DelayMs                                  0x0800661b   Thumb Code    26  delay.o(.text)
    LCD_WR_ADD                               0x08006635   Thumb Code     8  lcd_ssd1289.o(.text)
    LCD_WR_DATA                              0x0800663d   Thumb Code     8  lcd_ssd1289.o(.text)
    LCD_RD_data                              0x08006645   Thumb Code    12  lcd_ssd1289.o(.text)
    Lcd_GPIO_Config                          0x08006651   Thumb Code   152  lcd_ssd1289.o(.text)
    Lcd_FMSC_Config                          0x080066e9   Thumb Code    94  lcd_ssd1289.o(.text)
    LCD_WR_CMD                               0x08006747   Thumb Code    10  lcd_ssd1289.o(.text)
    LCD_Set_Ver                              0x08006751   Thumb Code    78  lcd_ssd1289.o(.text)
    LCD_MyInit                               0x0800679f   Thumb Code   372  lcd_ssd1289.o(.text)
    LCD_SetPosition                          0x08006913   Thumb Code   124  lcd_ssd1289.o(.text)
    LCD_SetPos                               0x0800698f   Thumb Code   166  lcd_ssd1289.o(.text)
    LCD_PutGB1616                            0x08006a35   Thumb Code   172  lcd_ssd1289.o(.text)
    LCD_PutChar8x16                          0x08006ae1   Thumb Code    88  lcd_ssd1289.o(.text)
    LCD_PutChar                              0x08006b39   Thumb Code    36  lcd_ssd1289.o(.text)
    LCD_PutString                            0x08006b5d   Thumb Code    84  lcd_ssd1289.o(.text)
    LCD_TEST_Picture1                        0x08006bb1   Thumb Code   130  lcd_ssd1289.o(.text)
    LCD_DrawLine                             0x08006c33   Thumb Code    76  lcd_ssd1289.o(.text)
    LCD_DrawRec                              0x08006c7f   Thumb Code   182  lcd_ssd1289.o(.text)
    LCD_DrawCir                              0x08006d35   Thumb Code   416  lcd_ssd1289.o(.text)
    Touch_IRQ                                0x08006ed5   Thumb Code   110  lcd_touch.o(.text)
    Touch_SPIConfig                          0x08006f43   Thumb Code   136  lcd_touch.o(.text)
    Touch_Init                               0x08006fcb   Thumb Code    12  lcd_touch.o(.text)
    Touch_WR_CMD                             0x08006fd7   Thumb Code    48  lcd_touch.o(.text)
    Read_Touch_AD                            0x08007007   Thumb Code   112  lcd_touch.o(.text)
    Read_X                                   0x08007077   Thumb Code    50  lcd_touch.o(.text)
    Read_Y                                   0x080070a9   Thumb Code    50  lcd_touch.o(.text)
    Touch_GetAdXY                            0x080070db   Thumb Code    34  lcd_touch.o(.text)
    SD_InitializeCards                       0x080071e7   Thumb Code   300  sdio.o(.text)
    SD_PowerON                               0x080074e1   Thumb Code   418  sdio.o(.text)
    SD_Init                                  0x080076b9   Thumb Code    84  sdio.o(.text)
    SD_PowerOFF                              0x0800770d   Thumb Code    14  sdio.o(.text)
    SD_GetCardInfo                           0x0800771b   Thumb Code   804  sdio.o(.text)
    SD_EnableWideBusOperation                0x08007cdb   Thumb Code   222  sdio.o(.text)
    SD_SetDeviceMode                         0x08007db9   Thumb Code    24  sdio.o(.text)
    SD_SelectDeselect                        0x08007dd1   Thumb Code    48  sdio.o(.text)
    SD_ReadBlock                             0x08007e69   Thumb Code   568  sdio.o(.text)
    SD_ReadMultiBlocks                       0x080080a1   Thumb Code   778  sdio.o(.text)
    SD_WriteBlock                            0x08008559   Thumb Code   902  sdio.o(.text)
    SD_WriteMultiBlocks                      0x080088df   Thumb Code  1018  sdio.o(.text)
    SD_GetTransferState                      0x08008cd9   Thumb Code    18  sdio.o(.text)
    SD_StopTransfer                          0x08008ceb   Thumb Code    46  sdio.o(.text)
    SD_Erase                                 0x08008d19   Thumb Code   356  sdio.o(.text)
    SD_SendStatus                            0x08008e7d   Thumb Code    76  sdio.o(.text)
    SD_SendSDStatus                          0x08008ec9   Thumb Code   416  sdio.o(.text)
    SD_ProcessIRQSrc                         0x08009069   Thumb Code   606  sdio.o(.text)
    Test_SDCard                              0x080092c7   Thumb Code   184  sdio.o(.text)
    SD_NVIC_Configuration                    0x0800937f   Thumb Code    40  sdio.o(.text)
    USART_Configuration                      0x0800947d   Thumb Code   146  usart.o(.text)
    NVIC_Configuration                       0x0800950f   Thumb Code    48  usart.o(.text)
    Usart1_PutChar                           0x0800953f   Thumb Code    28  usart.o(.text)
    Usart1_PutStr                            0x0800955b   Thumb Code    26  usart.o(.text)
    disk_initialize                          0x0800957d   Thumb Code    46  diskio.o(.text)
    disk_status                              0x080095ab   Thumb Code    34  diskio.o(.text)
    disk_read                                0x080095cd   Thumb Code    48  diskio.o(.text)
    disk_write                               0x080095fd   Thumb Code    48  diskio.o(.text)
    disk_ioctl                               0x0800962d   Thumb Code     6  diskio.o(.text)
    get_fattime                              0x08009633   Thumb Code     4  diskio.o(.text)
    f_mount                                  0x0800a495   Thumb Code    38  ff.o(.text)
    f_open                                   0x0800a4bb   Thumb Code   392  ff.o(.text)
    f_read                                   0x0800a643   Thumb Code   478  ff.o(.text)
    f_write                                  0x0800a821   Thumb Code   520  ff.o(.text)
    f_sync                                   0x0800aa29   Thumb Code   182  ff.o(.text)
    f_close                                  0x0800aadf   Thumb Code    22  ff.o(.text)
    f_lseek                                  0x0800aaf5   Thumb Code   448  ff.o(.text)
    f_opendir                                0x0800acb5   Thumb Code   104  ff.o(.text)
    f_readdir                                0x0800ad1d   Thumb Code    88  ff.o(.text)
    f_stat                                   0x0800ad75   Thumb Code    58  ff.o(.text)
    f_getfree                                0x0800adaf   Thumb Code   272  ff.o(.text)
    f_truncate                               0x0800aebf   Thumb Code   158  ff.o(.text)
    f_unlink                                 0x0800af5d   Thumb Code   186  ff.o(.text)
    f_mkdir                                  0x0800b017   Thumb Code   390  ff.o(.text)
    f_chmod                                  0x0800b19d   Thumb Code    88  ff.o(.text)
    f_utime                                  0x0800b1f5   Thumb Code    86  ff.o(.text)
    f_rename                                 0x0800b24b   Thumb Code   280  ff.o(.text)
    NVIC_PriorityGroupConfig                 0x0800b365   Thumb Code    10  misc.o(.text)
    NVIC_Init                                0x0800b36f   Thumb Code   102  misc.o(.text)
    NVIC_SetVectorTable                      0x0800b3d5   Thumb Code    14  misc.o(.text)
    NVIC_SystemLPConfig                      0x0800b3e3   Thumb Code    34  misc.o(.text)
    SysTick_CLKSourceConfig                  0x0800b405   Thumb Code    40  misc.o(.text)
    DMA_DeInit                               0x0800b441   Thumb Code   324  stm32f10x_dma.o(.text)
    DMA_Init                                 0x0800b585   Thumb Code    60  stm32f10x_dma.o(.text)
    DMA_StructInit                           0x0800b5c1   Thumb Code    26  stm32f10x_dma.o(.text)
    DMA_Cmd                                  0x0800b5db   Thumb Code    24  stm32f10x_dma.o(.text)
    DMA_ITConfig                             0x0800b5f3   Thumb Code    18  stm32f10x_dma.o(.text)
    DMA_SetCurrDataCounter                   0x0800b605   Thumb Code     4  stm32f10x_dma.o(.text)
    DMA_GetCurrDataCounter                   0x0800b609   Thumb Code     8  stm32f10x_dma.o(.text)
    DMA_GetFlagStatus                        0x0800b611   Thumb Code    38  stm32f10x_dma.o(.text)
    DMA_ClearFlag                            0x0800b637   Thumb Code    22  stm32f10x_dma.o(.text)
    DMA_GetITStatus                          0x0800b64d   Thumb Code    38  stm32f10x_dma.o(.text)
    DMA_ClearITPendingBit                    0x0800b673   Thumb Code    22  stm32f10x_dma.o(.text)
    EXTI_DeInit                              0x0800b691   Thumb Code    28  stm32f10x_exti.o(.text)
    EXTI_Init                                0x0800b6ad   Thumb Code   142  stm32f10x_exti.o(.text)
    EXTI_StructInit                          0x0800b73b   Thumb Code    16  stm32f10x_exti.o(.text)
    EXTI_GenerateSWInterrupt                 0x0800b74b   Thumb Code    16  stm32f10x_exti.o(.text)
    EXTI_GetFlagStatus                       0x0800b75b   Thumb Code    22  stm32f10x_exti.o(.text)
    EXTI_ClearFlag                           0x0800b771   Thumb Code     8  stm32f10x_exti.o(.text)
    EXTI_GetITStatus                         0x0800b779   Thumb Code    34  stm32f10x_exti.o(.text)
    EXTI_ClearITPendingBit                   0x0800b79b   Thumb Code     8  stm32f10x_exti.o(.text)
    FSMC_NORSRAMDeInit                       0x0800b7ad   Thumb Code    56  stm32f10x_fsmc.o(.text)
    FSMC_NANDDeInit                          0x0800b7e5   Thumb Code    62  stm32f10x_fsmc.o(.text)
    FSMC_PCCARDDeInit                        0x0800b823   Thumb Code    40  stm32f10x_fsmc.o(.text)
    FSMC_NORSRAMInit                         0x0800b84b   Thumb Code   224  stm32f10x_fsmc.o(.text)
    FSMC_NANDInit                            0x0800b92b   Thumb Code   130  stm32f10x_fsmc.o(.text)
    FSMC_PCCARDInit                          0x0800b9ad   Thumb Code   124  stm32f10x_fsmc.o(.text)
    FSMC_NORSRAMStructInit                   0x0800ba29   Thumb Code   114  stm32f10x_fsmc.o(.text)
    FSMC_NANDStructInit                      0x0800ba9b   Thumb Code    54  stm32f10x_fsmc.o(.text)
    FSMC_PCCARDStructInit                    0x0800bad1   Thumb Code    60  stm32f10x_fsmc.o(.text)
    FSMC_NORSRAMCmd                          0x0800bb0d   Thumb Code    46  stm32f10x_fsmc.o(.text)
    FSMC_NANDCmd                             0x0800bb3b   Thumb Code    86  stm32f10x_fsmc.o(.text)
    FSMC_PCCARDCmd                           0x0800bb91   Thumb Code    40  stm32f10x_fsmc.o(.text)
    FSMC_NANDECCCmd                          0x0800bbb9   Thumb Code   118  stm32f10x_fsmc.o(.text)
    FSMC_GetECC                              0x0800bc2f   Thumb Code    22  stm32f10x_fsmc.o(.text)
    FSMC_ITConfig                            0x0800bc45   Thumb Code   128  stm32f10x_fsmc.o(.text)
    FSMC_GetFlagStatus                       0x0800bcc5   Thumb Code    48  stm32f10x_fsmc.o(.text)
    FSMC_ClearFlag                           0x0800bcf5   Thumb Code    62  stm32f10x_fsmc.o(.text)
    FSMC_GetITStatus                         0x0800bd33   Thumb Code    60  stm32f10x_fsmc.o(.text)
    FSMC_ClearITPendingBit                   0x0800bd6f   Thumb Code    64  stm32f10x_fsmc.o(.text)
    GPIO_DeInit                              0x0800bdc5   Thumb Code   172  stm32f10x_gpio.o(.text)
    GPIO_AFIODeInit                          0x0800be71   Thumb Code    20  stm32f10x_gpio.o(.text)
    GPIO_Init                                0x0800be85   Thumb Code   274  stm32f10x_gpio.o(.text)
    GPIO_StructInit                          0x0800bf97   Thumb Code    16  stm32f10x_gpio.o(.text)
    GPIO_ReadInputDataBit                    0x0800bfa7   Thumb Code    18  stm32f10x_gpio.o(.text)
    GPIO_ReadInputData                       0x0800bfb9   Thumb Code     8  stm32f10x_gpio.o(.text)
    GPIO_ReadOutputDataBit                   0x0800bfc1   Thumb Code    18  stm32f10x_gpio.o(.text)
    GPIO_ReadOutputData                      0x0800bfd3   Thumb Code     8  stm32f10x_gpio.o(.text)
    GPIO_SetBits                             0x0800bfdb   Thumb Code     4  stm32f10x_gpio.o(.text)
    GPIO_ResetBits                           0x0800bfdf   Thumb Code     4  stm32f10x_gpio.o(.text)
    GPIO_WriteBit                            0x0800bfe3   Thumb Code    10  stm32f10x_gpio.o(.text)
    GPIO_Write                               0x0800bfed   Thumb Code     4  stm32f10x_gpio.o(.text)
    GPIO_PinLockConfig                       0x0800bff1   Thumb Code    18  stm32f10x_gpio.o(.text)
    GPIO_EventOutputConfig                   0x0800c003   Thumb Code    26  stm32f10x_gpio.o(.text)
    GPIO_EventOutputCmd                      0x0800c01d   Thumb Code     6  stm32f10x_gpio.o(.text)
    GPIO_PinRemapConfig                      0x0800c023   Thumb Code   138  stm32f10x_gpio.o(.text)
    GPIO_EXTILineConfig                      0x0800c0ad   Thumb Code    66  stm32f10x_gpio.o(.text)
    GPIO_ETH_MediaInterfaceConfig            0x0800c0ef   Thumb Code     6  stm32f10x_gpio.o(.text)
    RCC_DeInit                               0x0800c11d   Thumb Code    64  stm32f10x_rcc.o(.text)
    RCC_HSEConfig                            0x0800c15d   Thumb Code    70  stm32f10x_rcc.o(.text)
    RCC_GetFlagStatus                        0x0800c1a3   Thumb Code    56  stm32f10x_rcc.o(.text)
    RCC_WaitForHSEStartUp                    0x0800c1db   Thumb Code    48  stm32f10x_rcc.o(.text)
    RCC_AdjustHSICalibrationValue            0x0800c20b   Thumb Code    20  stm32f10x_rcc.o(.text)
    RCC_HSICmd                               0x0800c21f   Thumb Code     6  stm32f10x_rcc.o(.text)
    RCC_PLLConfig                            0x0800c225   Thumb Code    24  stm32f10x_rcc.o(.text)
    RCC_PLLCmd                               0x0800c23d   Thumb Code     6  stm32f10x_rcc.o(.text)
    RCC_SYSCLKConfig                         0x0800c243   Thumb Code    18  stm32f10x_rcc.o(.text)
    RCC_GetSYSCLKSource                      0x0800c255   Thumb Code    10  stm32f10x_rcc.o(.text)
    RCC_HCLKConfig                           0x0800c25f   Thumb Code    18  stm32f10x_rcc.o(.text)
    RCC_PCLK1Config                          0x0800c271   Thumb Code    18  stm32f10x_rcc.o(.text)
    RCC_PCLK2Config                          0x0800c283   Thumb Code    20  stm32f10x_rcc.o(.text)
    RCC_ITConfig                             0x0800c297   Thumb Code    30  stm32f10x_rcc.o(.text)
    RCC_USBCLKConfig                         0x0800c2b5   Thumb Code     6  stm32f10x_rcc.o(.text)
    RCC_ADCCLKConfig                         0x0800c2bb   Thumb Code    18  stm32f10x_rcc.o(.text)
    RCC_LSEConfig                            0x0800c2cd   Thumb Code    44  stm32f10x_rcc.o(.text)
    RCC_LSICmd                               0x0800c2f9   Thumb Code     6  stm32f10x_rcc.o(.text)
    RCC_RTCCLKConfig                         0x0800c2ff   Thumb Code    12  stm32f10x_rcc.o(.text)
    RCC_RTCCLKCmd                            0x0800c30b   Thumb Code     8  stm32f10x_rcc.o(.text)
    RCC_GetClocksFreq                        0x0800c313   Thumb Code   192  stm32f10x_rcc.o(.text)
    RCC_AHBPeriphClockCmd                    0x0800c3d3   Thumb Code    26  stm32f10x_rcc.o(.text)
    RCC_APB2PeriphClockCmd                   0x0800c3ed   Thumb Code    26  stm32f10x_rcc.o(.text)
    RCC_APB1PeriphClockCmd                   0x0800c407   Thumb Code    26  stm32f10x_rcc.o(.text)
    RCC_APB2PeriphResetCmd                   0x0800c421   Thumb Code    26  stm32f10x_rcc.o(.text)
    RCC_APB1PeriphResetCmd                   0x0800c43b   Thumb Code    26  stm32f10x_rcc.o(.text)
    RCC_BackupResetCmd                       0x0800c455   Thumb Code     8  stm32f10x_rcc.o(.text)
    RCC_ClockSecuritySystemCmd               0x0800c45d   Thumb Code     6  stm32f10x_rcc.o(.text)
    RCC_MCOConfig                            0x0800c463   Thumb Code     6  stm32f10x_rcc.o(.text)
    RCC_ClearFlag                            0x0800c469   Thumb Code    14  stm32f10x_rcc.o(.text)
    RCC_GetITStatus                          0x0800c477   Thumb Code    20  stm32f10x_rcc.o(.text)
    RCC_ClearITPendingBit                    0x0800c48b   Thumb Code     6  stm32f10x_rcc.o(.text)
    SDIO_DeInit                              0x0800c4bd   Thumb Code    28  stm32f10x_sdio.o(.text)
    SDIO_Init                                0x0800c4d9   Thumb Code    42  stm32f10x_sdio.o(.text)
    SDIO_StructInit                          0x0800c503   Thumb Code    16  stm32f10x_sdio.o(.text)
    SDIO_ClockCmd                            0x0800c513   Thumb Code     6  stm32f10x_sdio.o(.text)
    SDIO_SetPowerState                       0x0800c519   Thumb Code    22  stm32f10x_sdio.o(.text)
    SDIO_GetPowerState                       0x0800c52f   Thumb Code    10  stm32f10x_sdio.o(.text)
    SDIO_ITConfig                            0x0800c539   Thumb Code    26  stm32f10x_sdio.o(.text)
    SDIO_DMACmd                              0x0800c553   Thumb Code     6  stm32f10x_sdio.o(.text)
    SDIO_SendCommand                         0x0800c559   Thumb Code    38  stm32f10x_sdio.o(.text)
    SDIO_CmdStructInit                       0x0800c57f   Thumb Code    14  stm32f10x_sdio.o(.text)
    SDIO_GetCommandResponse                  0x0800c58d   Thumb Code     8  stm32f10x_sdio.o(.text)
    SDIO_GetResponse                         0x0800c595   Thumb Code    14  stm32f10x_sdio.o(.text)
    SDIO_DataConfig                          0x0800c5a3   Thumb Code    42  stm32f10x_sdio.o(.text)
    SDIO_DataStructInit                      0x0800c5cd   Thumb Code    20  stm32f10x_sdio.o(.text)
    SDIO_GetDataCounter                      0x0800c5e1   Thumb Code     6  stm32f10x_sdio.o(.text)
    SDIO_ReadData                            0x0800c5e7   Thumb Code     6  stm32f10x_sdio.o(.text)
    SDIO_WriteData                           0x0800c5ed   Thumb Code     6  stm32f10x_sdio.o(.text)
    SDIO_GetFIFOCount                        0x0800c5f3   Thumb Code     6  stm32f10x_sdio.o(.text)
    SDIO_StartSDIOReadWait                   0x0800c5f9   Thumb Code     8  stm32f10x_sdio.o(.text)
    SDIO_StopSDIOReadWait                    0x0800c601   Thumb Code     8  stm32f10x_sdio.o(.text)
    SDIO_SetSDIOReadWaitMode                 0x0800c609   Thumb Code     8  stm32f10x_sdio.o(.text)
    SDIO_SetSDIOOperation                    0x0800c611   Thumb Code     8  stm32f10x_sdio.o(.text)
    SDIO_SendSDIOSuspendCmd                  0x0800c619   Thumb Code     6  stm32f10x_sdio.o(.text)
    SDIO_CommandCompletionCmd                0x0800c61f   Thumb Code     6  stm32f10x_sdio.o(.text)
    SDIO_CEATAITCmd                          0x0800c625   Thumb Code    10  stm32f10x_sdio.o(.text)
    SDIO_SendCEATACmd                        0x0800c62f   Thumb Code     6  stm32f10x_sdio.o(.text)
    SDIO_GetFlagStatus                       0x0800c635   Thumb Code    20  stm32f10x_sdio.o(.text)
    SDIO_ClearFlag                           0x0800c649   Thumb Code     6  stm32f10x_sdio.o(.text)
    SDIO_GetITStatus                         0x0800c64f   Thumb Code    20  stm32f10x_sdio.o(.text)
    SDIO_ClearITPendingBit                   0x0800c663   Thumb Code     6  stm32f10x_sdio.o(.text)
    SPI_I2S_DeInit                           0x0800c68d   Thumb Code    76  stm32f10x_spi.o(.text)
    SPI_Init                                 0x0800c6d9   Thumb Code    60  stm32f10x_spi.o(.text)
    I2S_Init                                 0x0800c715   Thumb Code   222  stm32f10x_spi.o(.text)
    SPI_StructInit                           0x0800c7f3   Thumb Code    24  stm32f10x_spi.o(.text)
    I2S_StructInit                           0x0800c80b   Thumb Code    20  stm32f10x_spi.o(.text)
    SPI_Cmd                                  0x0800c81f   Thumb Code    24  stm32f10x_spi.o(.text)
    I2S_Cmd                                  0x0800c837   Thumb Code    24  stm32f10x_spi.o(.text)
    SPI_I2S_ITConfig                         0x0800c84f   Thumb Code    36  stm32f10x_spi.o(.text)
    SPI_I2S_DMACmd                           0x0800c873   Thumb Code    24  stm32f10x_spi.o(.text)
    SPI_I2S_SendData                         0x0800c88b   Thumb Code     4  stm32f10x_spi.o(.text)
    SPI_I2S_ReceiveData                      0x0800c88f   Thumb Code     6  stm32f10x_spi.o(.text)
    SPI_NSSInternalSoftwareConfig            0x0800c895   Thumb Code    30  stm32f10x_spi.o(.text)
    SPI_SSOutputCmd                          0x0800c8b3   Thumb Code    24  stm32f10x_spi.o(.text)
    SPI_DataSizeConfig                       0x0800c8cb   Thumb Code    18  stm32f10x_spi.o(.text)
    SPI_TransmitCRC                          0x0800c8dd   Thumb Code    10  stm32f10x_spi.o(.text)
    SPI_CalculateCRC                         0x0800c8e7   Thumb Code    24  stm32f10x_spi.o(.text)
    SPI_GetCRC                               0x0800c8ff   Thumb Code    16  stm32f10x_spi.o(.text)
    SPI_GetCRCPolynomial                     0x0800c90f   Thumb Code     6  stm32f10x_spi.o(.text)
    SPI_BiDirectionalLineConfig              0x0800c915   Thumb Code    28  stm32f10x_spi.o(.text)
    SPI_I2S_GetFlagStatus                    0x0800c931   Thumb Code    18  stm32f10x_spi.o(.text)
    SPI_I2S_ClearFlag                        0x0800c943   Thumb Code     6  stm32f10x_spi.o(.text)
    SPI_I2S_GetITStatus                      0x0800c949   Thumb Code    52  stm32f10x_spi.o(.text)
    SPI_I2S_ClearITPendingBit                0x0800c97d   Thumb Code    20  stm32f10x_spi.o(.text)
    USART_DeInit                             0x0800c99d   Thumb Code   134  stm32f10x_usart.o(.text)
    USART_Init                               0x0800ca23   Thumb Code   210  stm32f10x_usart.o(.text)
    USART_StructInit                         0x0800caf5   Thumb Code    24  stm32f10x_usart.o(.text)
    USART_ClockInit                          0x0800cb0d   Thumb Code    34  stm32f10x_usart.o(.text)
    USART_ClockStructInit                    0x0800cb2f   Thumb Code    12  stm32f10x_usart.o(.text)
    USART_Cmd                                0x0800cb3b   Thumb Code    24  stm32f10x_usart.o(.text)
    USART_ITConfig                           0x0800cb53   Thumb Code    74  stm32f10x_usart.o(.text)
    USART_DMACmd                             0x0800cb9d   Thumb Code    24  stm32f10x_usart.o(.text)
    USART_SetAddress                         0x0800cbb5   Thumb Code    18  stm32f10x_usart.o(.text)
    USART_WakeUpConfig                       0x0800cbc7   Thumb Code    18  stm32f10x_usart.o(.text)
    USART_ReceiverWakeUpCmd                  0x0800cbd9   Thumb Code    24  stm32f10x_usart.o(.text)
    USART_LINBreakDetectLengthConfig         0x0800cbf1   Thumb Code    18  stm32f10x_usart.o(.text)
    USART_LINCmd                             0x0800cc03   Thumb Code    24  stm32f10x_usart.o(.text)
    USART_SendData                           0x0800cc1b   Thumb Code     8  stm32f10x_usart.o(.text)
    USART_ReceiveData                        0x0800cc23   Thumb Code    10  stm32f10x_usart.o(.text)
    USART_SendBreak                          0x0800cc2d   Thumb Code    10  stm32f10x_usart.o(.text)
    USART_SetGuardTime                       0x0800cc37   Thumb Code    16  stm32f10x_usart.o(.text)
    USART_SetPrescaler                       0x0800cc47   Thumb Code    16  stm32f10x_usart.o(.text)
    USART_SmartCardCmd                       0x0800cc57   Thumb Code    24  stm32f10x_usart.o(.text)
    USART_SmartCardNACKCmd                   0x0800cc6f   Thumb Code    24  stm32f10x_usart.o(.text)
    USART_HalfDuplexCmd                      0x0800cc87   Thumb Code    24  stm32f10x_usart.o(.text)
    USART_OverSampling8Cmd                   0x0800cc9f   Thumb Code    22  stm32f10x_usart.o(.text)
    USART_OneBitMethodCmd                    0x0800ccb5   Thumb Code    24  stm32f10x_usart.o(.text)
    USART_IrDAConfig                         0x0800cccd   Thumb Code    18  stm32f10x_usart.o(.text)
    USART_IrDACmd                            0x0800ccdf   Thumb Code    24  stm32f10x_usart.o(.text)
    USART_GetFlagStatus                      0x0800ccf7   Thumb Code    26  stm32f10x_usart.o(.text)
    USART_ClearFlag                          0x0800cd11   Thumb Code    18  stm32f10x_usart.o(.text)
    USART_GetITStatus                        0x0800cd23   Thumb Code    84  stm32f10x_usart.o(.text)
    USART_ClearITPendingBit                  0x0800cd77   Thumb Code    50  stm32f10x_usart.o(.text)
    Reset_Handler                            0x0800cda9   Thumb Code     8  startup_stm32f10x_hd.o(.text)
    ADC1_2_IRQHandler                        0x0800cdc3   Thumb Code     0  startup_stm32f10x_hd.o(.text)
    ADC3_IRQHandler                          0x0800cdc3   Thumb Code     0  startup_stm32f10x_hd.o(.text)
    CAN1_RX1_IRQHandler                      0x0800cdc3   Thumb Code     0  startup_stm32f10x_hd.o(.text)
    CAN1_SCE_IRQHandler                      0x0800cdc3   Thumb Code     0  startup_stm32f10x_hd.o(.text)
    DMA1_Channel1_IRQHandler                 0x0800cdc3   Thumb Code     0  startup_stm32f10x_hd.o(.text)
    DMA1_Channel2_IRQHandler                 0x0800cdc3   Thumb Code     0  startup_stm32f10x_hd.o(.text)
    DMA1_Channel3_IRQHandler                 0x0800cdc3   Thumb Code     0  startup_stm32f10x_hd.o(.text)
    DMA1_Channel4_IRQHandler                 0x0800cdc3   Thumb Code     0  startup_stm32f10x_hd.o(.text)
    DMA1_Channel5_IRQHandler                 0x0800cdc3   Thumb Code     0  startup_stm32f10x_hd.o(.text)
    DMA1_Channel6_IRQHandler                 0x0800cdc3   Thumb Code     0  startup_stm32f10x_hd.o(.text)
    DMA1_Channel7_IRQHandler                 0x0800cdc3   Thumb Code     0  startup_stm32f10x_hd.o(.text)
    DMA2_Channel1_IRQHandler                 0x0800cdc3   Thumb Code     0  startup_stm32f10x_hd.o(.text)
    DMA2_Channel2_IRQHandler                 0x0800cdc3   Thumb Code     0  startup_stm32f10x_hd.o(.text)
    DMA2_Channel3_IRQHandler                 0x0800cdc3   Thumb Code     0  startup_stm32f10x_hd.o(.text)
    DMA2_Channel4_5_IRQHandler               0x0800cdc3   Thumb Code     0  startup_stm32f10x_hd.o(.text)
    EXTI0_IRQHandler                         0x0800cdc3   Thumb Code     0  startup_stm32f10x_hd.o(.text)
    EXTI1_IRQHandler                         0x0800cdc3   Thumb Code     0  startup_stm32f10x_hd.o(.text)
    EXTI2_IRQHandler                         0x0800cdc3   Thumb Code     0  startup_stm32f10x_hd.o(.text)
    EXTI3_IRQHandler                         0x0800cdc3   Thumb Code     0  startup_stm32f10x_hd.o(.text)
    EXTI4_IRQHandler                         0x0800cdc3   Thumb Code     0  startup_stm32f10x_hd.o(.text)
    EXTI9_5_IRQHandler                       0x0800cdc3   Thumb Code     0  startup_stm32f10x_hd.o(.text)
    FLASH_IRQHandler                         0x0800cdc3   Thumb Code     0  startup_stm32f10x_hd.o(.text)
    FSMC_IRQHandler                          0x0800cdc3   Thumb Code     0  startup_stm32f10x_hd.o(.text)
    I2C1_ER_IRQHandler                       0x0800cdc3   Thumb Code     0  startup_stm32f10x_hd.o(.text)
    I2C1_EV_IRQHandler                       0x0800cdc3   Thumb Code     0  startup_stm32f10x_hd.o(.text)
    I2C2_ER_IRQHandler                       0x0800cdc3   Thumb Code     0  startup_stm32f10x_hd.o(.text)
    I2C2_EV_IRQHandler                       0x0800cdc3   Thumb Code     0  startup_stm32f10x_hd.o(.text)
    PVD_IRQHandler                           0x0800cdc3   Thumb Code     0  startup_stm32f10x_hd.o(.text)
    RCC_IRQHandler                           0x0800cdc3   Thumb Code     0  startup_stm32f10x_hd.o(.text)
    RTCAlarm_IRQHandler                      0x0800cdc3   Thumb Code     0  startup_stm32f10x_hd.o(.text)
    RTC_IRQHandler                           0x0800cdc3   Thumb Code     0  startup_stm32f10x_hd.o(.text)
    SPI1_IRQHandler                          0x0800cdc3   Thumb Code     0  startup_stm32f10x_hd.o(.text)
    SPI2_IRQHandler                          0x0800cdc3   Thumb Code     0  startup_stm32f10x_hd.o(.text)
    SPI3_IRQHandler                          0x0800cdc3   Thumb Code     0  startup_stm32f10x_hd.o(.text)
    TAMPER_IRQHandler                        0x0800cdc3   Thumb Code     0  startup_stm32f10x_hd.o(.text)
    TIM1_BRK_IRQHandler                      0x0800cdc3   Thumb Code     0  startup_stm32f10x_hd.o(.text)
    TIM1_CC_IRQHandler                       0x0800cdc3   Thumb Code     0  startup_stm32f10x_hd.o(.text)
    TIM1_TRG_COM_IRQHandler                  0x0800cdc3   Thumb Code     0  startup_stm32f10x_hd.o(.text)
    TIM1_UP_IRQHandler                       0x0800cdc3   Thumb Code     0  startup_stm32f10x_hd.o(.text)
    TIM2_IRQHandler                          0x0800cdc3   Thumb Code     0  startup_stm32f10x_hd.o(.text)
    TIM3_IRQHandler                          0x0800cdc3   Thumb Code     0  startup_stm32f10x_hd.o(.text)
    TIM4_IRQHandler                          0x0800cdc3   Thumb Code     0  startup_stm32f10x_hd.o(.text)
    TIM5_IRQHandler                          0x0800cdc3   Thumb Code     0  startup_stm32f10x_hd.o(.text)
    TIM6_IRQHandler                          0x0800cdc3   Thumb Code     0  startup_stm32f10x_hd.o(.text)
    TIM7_IRQHandler                          0x0800cdc3   Thumb Code     0  startup_stm32f10x_hd.o(.text)
    TIM8_BRK_IRQHandler                      0x0800cdc3   Thumb Code     0  startup_stm32f10x_hd.o(.text)
    TIM8_CC_IRQHandler                       0x0800cdc3   Thumb Code     0  startup_stm32f10x_hd.o(.text)
    TIM8_TRG_COM_IRQHandler                  0x0800cdc3   Thumb Code     0  startup_stm32f10x_hd.o(.text)
    TIM8_UP_IRQHandler                       0x0800cdc3   Thumb Code     0  startup_stm32f10x_hd.o(.text)
    UART4_IRQHandler                         0x0800cdc3   Thumb Code     0  startup_stm32f10x_hd.o(.text)
    UART5_IRQHandler                         0x0800cdc3   Thumb Code     0  startup_stm32f10x_hd.o(.text)
    USART2_IRQHandler                        0x0800cdc3   Thumb Code     0  startup_stm32f10x_hd.o(.text)
    USART3_IRQHandler                        0x0800cdc3   Thumb Code     0  startup_stm32f10x_hd.o(.text)
    USBWakeUp_IRQHandler                     0x0800cdc3   Thumb Code     0  startup_stm32f10x_hd.o(.text)
    USB_HP_CAN1_TX_IRQHandler                0x0800cdc3   Thumb Code     0  startup_stm32f10x_hd.o(.text)
    USB_LP_CAN1_RX0_IRQHandler               0x0800cdc3   Thumb Code     0  startup_stm32f10x_hd.o(.text)
    WWDG_IRQHandler                          0x0800cdc3   Thumb Code     0  startup_stm32f10x_hd.o(.text)
    __user_initial_stackheap                 0x0800cdc5   Thumb Code     0  startup_stm32f10x_hd.o(.text)
    SystemInit                               0x0800ceb1   Thumb Code    76  system_stm32f10x.o(.text)
    SystemCoreClockUpdate                    0x0800cefd   Thumb Code   142  system_stm32f10x.o(.text)
    __2sprintf                               0x0800cfb5   Thumb Code    34  noretval__2sprintf.o(.text)
    __printf                                 0x0800cfdd   Thumb Code   106  __printf.o(.text)
    _printf_int_dec                          0x0800d049   Thumb Code   102  _printf_dec.o(.text)
    strlen                                   0x0800d0c1   Thumb Code    62  strlen.o(.text)
    __use_two_region_memory                  0x0800d0ff   Thumb Code     2  heapauxi.o(.text)
    __rt_heap_escrow$2region                 0x0800d101   Thumb Code     2  heapauxi.o(.text)
    __rt_heap_expand$2region                 0x0800d103   Thumb Code     2  heapauxi.o(.text)
    _printf_int_common                       0x0800d105   Thumb Code   184  _printf_intcommon.o(.text)
    _printf_char_common                      0x0800d1c7   Thumb Code    32  _printf_char_common.o(.text)
    _sputc                                   0x0800d1ed   Thumb Code    10  _sputc.o(.text)
    __user_setup_stackheap                   0x0800d1f7   Thumb Code    74  sys_stackheap_outer.o(.text)
    exit                                     0x0800d241   Thumb Code    12  exit.o(.text)
    __user_libspace                          0x0800d24d   Thumb Code     8  libspace.o(.text)
    __user_perproc_libspace                  0x0800d24d   Thumb Code     0  libspace.o(.text)
    __user_perthread_libspace                0x0800d24d   Thumb Code     0  libspace.o(.text)
    __rt_fp_status_addr                      0x0800d255   Thumb Code     8  rt_fp_status_addr_intlibspace.o(.text)
    _sys_exit                                0x0800d25d   Thumb Code     8  sys_exit.o(.text)
    __I$use$semihosting                      0x0800d269   Thumb Code     0  use_no_semi.o(.text)
    __use_no_semihosting_swi                 0x0800d269   Thumb Code     2  use_no_semi.o(.text)
    __semihosting_library_function           0x0800d26b   Thumb Code     0  indicate_semi.o(.text)
    __aeabi_d2iz                             0x0800d26d   Thumb Code     0  dfix.o(x$fpl$dfix)
    _dfix                                    0x0800d26d   Thumb Code    94  dfix.o(x$fpl$dfix)
    __aeabi_dmul                             0x0800d2cd   Thumb Code     0  dmul.o(x$fpl$dmul)
    _dmul                                    0x0800d2cd   Thumb Code   332  dmul.o(x$fpl$dmul)
    __fpl_dnaninf                            0x0800d421   Thumb Code   156  dnaninf.o(x$fpl$dnaninf)
    __fpl_dretinf                            0x0800d4bd   Thumb Code    12  dretinf.o(x$fpl$dretinf)
    __aeabi_f2d                              0x0800d4c9   Thumb Code     0  f2d.o(x$fpl$f2d)
    _f2d                                     0x0800d4c9   Thumb Code    86  f2d.o(x$fpl$f2d)
    __aeabi_i2f                              0x0800d521   Thumb Code     0  fflt_clz.o(x$fpl$fflt)
    _fflt                                    0x0800d521   Thumb Code    48  fflt_clz.o(x$fpl$fflt)
    __fpl_fnaninf                            0x0800d551   Thumb Code   140  fnaninf.o(x$fpl$fnaninf)
    _fp_init                                 0x0800d5dd   Thumb Code    14  fpinit.o(x$fpl$fpinit)
    __fplib_config_pureend_doubles           0x0800d5e9   Thumb Code     0  fpinit.o(x$fpl$fpinit)
    __I$use$fp                               0x0800d5eb   Thumb Code     0  usenofp.o(x$fpl$usenofp)
    codeGB_16                                0x0800d5ea   Data         986  lcd_ssd1289.o(.constdata)
    Font8x16                                 0x0800d9c4   Data        2048  lcd_ssd1289.o(.constdata)
    Region$$Table$$Base                      0x0800e1c8   Number         0  anon$$obj.o(Region$$Table)
    Region$$Table$$Limit                     0x0800e1e8   Number         0  anon$$obj.o(Region$$Table)
    num                                      0x20001000   Data          10  main.o(.data)
    textFileBuffer                           0x2000100a   Data          16  main.o(.data)
    touch_flag                               0x2000101a   Data           1  main.o(.data)
    aa                                       0x2000101b   Data           4  main.o(.data)
    res                                      0x2000101f   Data           1  main.o(.data)
    br                                       0x20001020   Data           4  main.o(.data)
    bw                                       0x20001024   Data           4  main.o(.data)
    char_or_word                             0x20001028   Data           1  lcd_ssd1289.o(.data)
    horizontal_or_vertical                   0x20001029   Data           1  lcd_ssd1289.o(.data)
    TransferError                            0x20001040   Data           1  sdio.o(.data)
    TransferEnd                              0x20001044   Data           4  sdio.o(.data)
    NumberOfBytes                            0x20001048   Data           4  sdio.o(.data)
    SrcBuffer                                0x2000104c   Data           4  sdio.o(.data)
    DestBuffer                               0x20001050   Data           4  sdio.o(.data)
    SystemCoreClock                          0x20001070   Data           4  system_stm32f10x.o(.data)
    AHBPrescTable                            0x20001074   Data          16  system_stm32f10x.o(.data)
    fs                                       0x20001084   Data        1128  main.o(.bss)
    fsrc                                     0x200014ec   Data         548  main.o(.bss)
    fdst                                     0x20001710   Data         548  main.o(.bss)
    SDIO_InitStructure                       0x20001954   Data          24  sdio.o(.bss)
    SDIO_CmdInitStructure                    0x2000196c   Data          20  sdio.o(.bss)
    SDIO_DataInitStructure                   0x20001980   Data          24  sdio.o(.bss)
    __libspace_start                         0x20001998   Data          96  libspace.o(.bss)
    __temporary_stack_top$libspace           0x200019f8   Data           0  libspace.o(.bss)



==============================================================================

Memory Map of the image

  Image Entry point : 0x08006131

  Load Region LR_IROM1 (Base: 0x08006000, Size: 0x0000826c, Max: 0x0007a000, ABSOLUTE)

    Execution Region ER_IROM1 (Base: 0x08006000, Size: 0x000081e8, Max: 0x0007a000, ABSOLUTE)

    Base Addr    Size         Type   Attr      Idx    E Section Name        Object

    0x08006000   0x00000130   Data   RO          409    RESET               startup_stm32f10x_hd.o
    0x08006130   0x00000008   Code   RO          468  * !!!main             c_w.l(__main.o)
    0x08006138   0x00000034   Code   RO          655    !!!scatter          c_w.l(__scatter.o)
    0x0800616c   0x0000001a   Code   RO          657    !!handler_copy      c_w.l(__scatter_copy.o)
    0x08006186   0x00000002   PAD
    0x08006188   0x0000001c   Code   RO          659    !!handler_zi        c_w.l(__scatter_zi.o)
    0x080061a4   0x00000000   Code   RO          463    .ARM.Collect$$_printf_percent$$00000000  c_w.l(_printf_percent.o)
    0x080061a4   0x00000006   Code   RO          462    .ARM.Collect$$_printf_percent$$00000009  c_w.l(_printf_d.o)
    0x080061aa   0x00000004   Code   RO          491    .ARM.Collect$$_printf_percent$$00000017  c_w.l(_printf_percent_end.o)
    0x080061ae   0x00000006   Code   RO          525    .ARM.Collect$$libinit$$00000000  c_w.l(libinit.o)
    0x080061b4   0x00000000   Code   RO          533    .ARM.Collect$$libinit$$00000006  c_w.l(libinit2.o)
    0x080061b4   0x00000000   Code   RO          535    .ARM.Collect$$libinit$$00000008  c_w.l(libinit2.o)
    0x080061b4   0x00000000   Code   RO          537    .ARM.Collect$$libinit$$0000000A  c_w.l(libinit2.o)
    0x080061b4   0x00000000   Code   RO          540    .ARM.Collect$$libinit$$0000000D  c_w.l(libinit2.o)
    0x080061b4   0x00000000   Code   RO          542    .ARM.Collect$$libinit$$0000000F  c_w.l(libinit2.o)
    0x080061b4   0x00000000   Code   RO          544    .ARM.Collect$$libinit$$00000011  c_w.l(libinit2.o)
    0x080061b4   0x00000000   Code   RO          546    .ARM.Collect$$libinit$$00000013  c_w.l(libinit2.o)
    0x080061b4   0x00000000   Code   RO          548    .ARM.Collect$$libinit$$00000015  c_w.l(libinit2.o)
    0x080061b4   0x00000000   Code   RO          550    .ARM.Collect$$libinit$$00000017  c_w.l(libinit2.o)
    0x080061b4   0x00000000   Code   RO          552    .ARM.Collect$$libinit$$00000019  c_w.l(libinit2.o)
    0x080061b4   0x00000000   Code   RO          554    .ARM.Collect$$libinit$$0000001B  c_w.l(libinit2.o)
    0x080061b4   0x00000000   Code   RO          556    .ARM.Collect$$libinit$$0000001D  c_w.l(libinit2.o)
    0x080061b4   0x00000000   Code   RO          558    .ARM.Collect$$libinit$$0000001F  c_w.l(libinit2.o)
    0x080061b4   0x00000000   Code   RO          560    .ARM.Collect$$libinit$$00000021  c_w.l(libinit2.o)
    0x080061b4   0x00000000   Code   RO          564    .ARM.Collect$$libinit$$00000028  c_w.l(libinit2.o)
    0x080061b4   0x00000000   Code   RO          566    .ARM.Collect$$libinit$$0000002A  c_w.l(libinit2.o)
    0x080061b4   0x00000000   Code   RO          568    .ARM.Collect$$libinit$$0000002C  c_w.l(libinit2.o)
    0x080061b4   0x00000000   Code   RO          570    .ARM.Collect$$libinit$$0000002E  c_w.l(libinit2.o)
    0x080061b4   0x00000002   Code   RO          571    .ARM.Collect$$libinit$$0000002F  c_w.l(libinit2.o)
    0x080061b6   0x00000002   Code   RO          596    .ARM.Collect$$libshutdown$$00000000  c_w.l(libshutdown.o)
    0x080061b8   0x00000000   Code   RO          610    .ARM.Collect$$libshutdown$$00000003  c_w.l(libshutdown2.o)
    0x080061b8   0x00000000   Code   RO          613    .ARM.Collect$$libshutdown$$00000006  c_w.l(libshutdown2.o)
    0x080061b8   0x00000000   Code   RO          616    .ARM.Collect$$libshutdown$$00000009  c_w.l(libshutdown2.o)
    0x080061b8   0x00000000   Code   RO          618    .ARM.Collect$$libshutdown$$0000000B  c_w.l(libshutdown2.o)
    0x080061b8   0x00000000   Code   RO          621    .ARM.Collect$$libshutdown$$0000000E  c_w.l(libshutdown2.o)
    0x080061b8   0x00000002   Code   RO          622    .ARM.Collect$$libshutdown$$0000000F  c_w.l(libshutdown2.o)
    0x080061ba   0x00000000   Code   RO          484    .ARM.Collect$$rtentry$$00000000  c_w.l(rtentry.o)
    0x080061ba   0x00000000   Code   RO          500    .ARM.Collect$$rtentry$$00000002  c_w.l(rtentry2.o)
    0x080061ba   0x00000006   Code   RO          512    .ARM.Collect$$rtentry$$00000004  c_w.l(rtentry4.o)
    0x080061c0   0x00000000   Code   RO          502    .ARM.Collect$$rtentry$$00000009  c_w.l(rtentry2.o)
    0x080061c0   0x00000004   Code   RO          503    .ARM.Collect$$rtentry$$0000000A  c_w.l(rtentry2.o)
    0x080061c4   0x00000000   Code   RO          505    .ARM.Collect$$rtentry$$0000000C  c_w.l(rtentry2.o)
    0x080061c4   0x00000008   Code   RO          506    .ARM.Collect$$rtentry$$0000000D  c_w.l(rtentry2.o)
    0x080061cc   0x00000002   Code   RO          529    .ARM.Collect$$rtexit$$00000000  c_w.l(rtexit.o)
    0x080061ce   0x00000000   Code   RO          575    .ARM.Collect$$rtexit$$00000002  c_w.l(rtexit2.o)
    0x080061ce   0x00000004   Code   RO          576    .ARM.Collect$$rtexit$$00000003  c_w.l(rtexit2.o)
    0x080061d2   0x00000006   Code   RO          577    .ARM.Collect$$rtexit$$00000004  c_w.l(rtexit2.o)
    0x080061d8   0x00000210   Code   RO            1    .text               main.o
    0x080063e8   0x00000024   Code   RO          143    .text               stm32f10x_it.o
    0x0800640c   0x000001f0   Code   RO          162    .text               18b20.o
    0x080065fc   0x00000038   Code   RO          174    .text               delay.o
    0x08006634   0x000008a0   Code   RO          186    .text               lcd_ssd1289.o
    0x08006ed4   0x00000238   Code   RO          206    .text               lcd_touch.o
    0x0800710c   0x00002370   Code   RO          218    .text               sdio.o
    0x0800947c   0x00000100   Code   RO          234    .text               usart.o
    0x0800957c   0x000000ba   Code   RO          246    .text               diskio.o
    0x08009636   0x00000002   PAD
    0x08009638   0x00001d2a   Code   RO          259    .text               ff.o
    0x0800b362   0x00000002   PAD
    0x0800b364   0x000000dc   Code   RO          274    .text               misc.o
    0x0800b440   0x00000250   Code   RO          286    .text               stm32f10x_dma.o
    0x0800b690   0x0000011c   Code   RO          298    .text               stm32f10x_exti.o
    0x0800b7ac   0x00000618   Code   RO          310    .text               stm32f10x_fsmc.o
    0x0800bdc4   0x00000358   Code   RO          322    .text               stm32f10x_gpio.o
    0x0800c11c   0x000003a0   Code   RO          334    .text               stm32f10x_rcc.o
    0x0800c4bc   0x000001d0   Code   RO          348    .text               stm32f10x_sdio.o
    0x0800c68c   0x00000310   Code   RO          360    .text               stm32f10x_spi.o
    0x0800c99c   0x0000040c   Code   RO          384    .text               stm32f10x_usart.o
    0x0800cda8   0x00000040   Code   RO          410    .text               startup_stm32f10x_hd.o
    0x0800cde8   0x000001cc   Code   RO          414    .text               system_stm32f10x.o
    0x0800cfb4   0x00000028   Code   RO          436    .text               c_w.l(noretval__2sprintf.o)
    0x0800cfdc   0x0000006a   Code   RO          438    .text               c_w.l(__printf.o)
    0x0800d046   0x00000002   PAD
    0x0800d048   0x00000078   Code   RO          440    .text               c_w.l(_printf_dec.o)
    0x0800d0c0   0x0000003e   Code   RO          464    .text               c_w.l(strlen.o)
    0x0800d0fe   0x00000006   Code   RO          466    .text               c_w.l(heapauxi.o)
    0x0800d104   0x000000b8   Code   RO          485    .text               c_w.l(_printf_intcommon.o)
    0x0800d1bc   0x00000030   Code   RO          487    .text               c_w.l(_printf_char_common.o)
    0x0800d1ec   0x0000000a   Code   RO          489    .text               c_w.l(_sputc.o)
    0x0800d1f6   0x0000004a   Code   RO          516    .text               c_w.l(sys_stackheap_outer.o)
    0x0800d240   0x0000000c   Code   RO          518    .text               c_w.l(exit.o)
    0x0800d24c   0x00000008   Code   RO          526    .text               c_w.l(libspace.o)
    0x0800d254   0x00000008   Code   RO          584    .text               c_w.l(rt_fp_status_addr_intlibspace.o)
    0x0800d25c   0x0000000c   Code   RO          588    .text               c_w.l(sys_exit.o)
    0x0800d268   0x00000002   Code   RO          599    .text               c_w.l(use_no_semi.o)
    0x0800d26a   0x00000000   Code   RO          601    .text               c_w.l(indicate_semi.o)
    0x0800d26a   0x00000002   PAD
    0x0800d26c   0x0000005e   Code   RO          470    x$fpl$dfix          fz_ws.l(dfix.o)
    0x0800d2ca   0x00000002   PAD
    0x0800d2cc   0x00000154   Code   RO          474    x$fpl$dmul          fz_ws.l(dmul.o)
    0x0800d420   0x0000009c   Code   RO          492    x$fpl$dnaninf       fz_ws.l(dnaninf.o)
    0x0800d4bc   0x0000000c   Code   RO          494    x$fpl$dretinf       fz_ws.l(dretinf.o)
    0x0800d4c8   0x00000056   Code   RO          476    x$fpl$f2d           fz_ws.l(f2d.o)
    0x0800d51e   0x00000002   PAD
    0x0800d520   0x00000030   Code   RO          479    x$fpl$fflt          fz_ws.l(fflt_clz.o)
    0x0800d550   0x0000008c   Code   RO          496    x$fpl$fnaninf       fz_ws.l(fnaninf.o)
    0x0800d5dc   0x0000000e   Code   RO          572    x$fpl$fpinit        fz_ws.l(fpinit.o)
    0x0800d5ea   0x00000000   Code   RO          498    x$fpl$usenofp       fz_ws.l(usenofp.o)
    0x0800d5ea   0x00000bda   Data   RO          187    .constdata          lcd_ssd1289.o
    0x0800e1c4   0x00000004   Data   RO          260    .constdata          ff.o
    0x0800e1c8   0x00000020   Data   RO          653    Region$$Table       anon$$obj.o


    Execution Region RW_IRAM1 (Base: 0x20001000, Size: 0x00000ff8, Max: 0x00010000, ABSOLUTE)

    Base Addr    Size         Type   Attr      Idx    E Section Name        Object

    0x20001000   0x00000028   Data   RW            3    .data               main.o
    0x20001028   0x00000002   Data   RW          188    .data               lcd_ssd1289.o
    0x2000102a   0x00000002   PAD
    0x2000102c   0x00000028   Data   RW          220    .data               sdio.o
    0x20001054   0x00000006   Data   RW          261    .data               ff.o
    0x2000105a   0x00000014   Data   RW          335    .data               stm32f10x_rcc.o
    0x2000106e   0x00000002   PAD
    0x20001070   0x00000014   Data   RW          415    .data               system_stm32f10x.o
    0x20001084   0x000008b0   Zero   RW            2    .bss                main.o
    0x20001934   0x00000064   Zero   RW          219    .bss                sdio.o
    0x20001998   0x00000060   Zero   RW          527    .bss                c_w.l(libspace.o)
    0x200019f8   0x00000200   Zero   RW          408    HEAP                startup_stm32f10x_hd.o
    0x20001bf8   0x00000400   Zero   RW          407    STACK               startup_stm32f10x_hd.o


==============================================================================

Image component sizes


      Code (inc. data)   RO Data    RW Data    ZI Data      Debug   Object Name

       496          8          0          0          0       1925   18b20.o
         0          0          0          0          0         32   core_cm3.o
        56          0          0          0          0        686   delay.o
       186          0          0          0          0       2291   diskio.o
      7466         38          4          6          0      19693   ff.o
      2208         54       3034          2          0       7546   lcd_ssd1289.o
       568         16          0          0          0       1958   lcd_touch.o
       528        142          0         40       2224     279442   main.o
       220         20          0          0          0       1661   misc.o
      9072        634          0         40        100      20151   sdio.o
        64         26        304          0       1536        752   startup_stm32f10x_hd.o
       592          8          0          0          0       4230   stm32f10x_dma.o
       284         10          0          0          0       2123   stm32f10x_exti.o
      1560         54          0          0          0       5239   stm32f10x_fsmc.o
       856         40          0          0          0       5597   stm32f10x_gpio.o
        36          0          0          0          0       1440   stm32f10x_it.o
       928         44          0         20          0       8716   stm32f10x_rcc.o
       464         36          0          0          0       6900   stm32f10x_sdio.o
       784         12          0          0          0       6502   stm32f10x_spi.o
      1036         20          0          0          0       8344   stm32f10x_usart.o
       460         42          0         20          0       1675   system_stm32f10x.o
       256          8          0          0          0       1406   usart.o

    ----------------------------------------------------------------------
     28124       1212       3374        132       3860     388309   Object Totals
         0          0         32          0          0          0   (incl. Generated)
         4          0          0          4          0          0   (incl. Padding)

    ----------------------------------------------------------------------

      Code (inc. data)   RO Data    RW Data    ZI Data      Debug   Library Member Name

         8          0          0          0          0         68   __main.o
       106          0          0          0          0         84   __printf.o
        52          8          0          0          0          0   __scatter.o
        26          0          0          0          0          0   __scatter_copy.o
        28          0          0          0          0          0   __scatter_zi.o
        48          6          0          0          0         96   _printf_char_common.o
         6          0          0          0          0          0   _printf_d.o
       120         18          0          0          0         92   _printf_dec.o
       184          0          0          0          0         88   _printf_intcommon.o
         0          0          0          0          0          0   _printf_percent.o
         4          0          0          0          0          0   _printf_percent_end.o
        10          0          0          0          0         68   _sputc.o
        12          0          0          0          0         72   exit.o
         6          0          0          0          0        152   heapauxi.o
         0          0          0          0          0          0   indicate_semi.o
         6          0          0          0          0          0   libinit.o
         2          0          0          0          0          0   libinit2.o
         2          0          0          0          0          0   libshutdown.o
         2          0          0          0          0          0   libshutdown2.o
         8          4          0          0         96         68   libspace.o
        40          6          0          0          0         84   noretval__2sprintf.o
         8          4          0          0          0         68   rt_fp_status_addr_intlibspace.o
         0          0          0          0          0          0   rtentry.o
        12          0          0          0          0          0   rtentry2.o
         6          0          0          0          0          0   rtentry4.o
         2          0          0          0          0          0   rtexit.o
        10          0          0          0          0          0   rtexit2.o
        62          0          0          0          0         76   strlen.o
        12          4          0          0          0         68   sys_exit.o
        74          0          0          0          0         80   sys_stackheap_outer.o
         2          0          0          0          0         68   use_no_semi.o
        94          4          0          0          0         92   dfix.o
       340         12          0          0          0        104   dmul.o
       156          4          0          0          0         92   dnaninf.o
        12          0          0          0          0         68   dretinf.o
        86          4          0          0          0         84   f2d.o
        48          0          0          0          0         68   fflt_clz.o
       140          4          0          0          0         84   fnaninf.o
        14          0          0          0          0         76   fpinit.o
         0          0          0          0          0          0   usenofp.o

    ----------------------------------------------------------------------
      1758         78          0          0         96       1900   Library Totals
        10          0          0          0          0          0   (incl. Padding)

    ----------------------------------------------------------------------

      Code (inc. data)   RO Data    RW Data    ZI Data      Debug   Library Name

       858         50          0          0         96       1232   c_w.l
       890         28          0          0          0        668   fz_ws.l

    ----------------------------------------------------------------------
      1758         78          0          0         96       1900   Library Totals

    ----------------------------------------------------------------------

==============================================================================


      Code (inc. data)   RO Data    RW Data    ZI Data      Debug   

     29882       1290       3374        132       3956     386881   Grand Totals
     29882       1290       3374        132       3956     386881   ELF Image Totals
     29882       1290       3374        132          0          0   ROM Totals

==============================================================================

    Total RO  Size (Code + RO Data)                33256 (  32.48kB)
    Total RW  Size (RW Data + ZI Data)              4088 (   3.99kB)
    Total ROM Size (Code + RO Data + RW Data)      33388 (  32.61kB)

==============================================================================

